Archive member included to satisfy reference by file (symbol)

C:/ST/STM32CubeIDE_1.16.1/STM32CubeIDE/plugins/com.st.stm32cube.ide.mcu.externaltools.gnu-tools-for-stm32.13.3.rel1.win32_1.0.0.202411081344/tools/bin/../lib/gcc/arm-none-eabi/13.3.1/../../../../arm-none-eabi/lib/thumb/v7e-m+dp/hard\libc_nano.a(libc_a-exit.o)
                              C:/ST/STM32CubeIDE_1.16.1/STM32CubeIDE/plugins/com.st.stm32cube.ide.mcu.externaltools.gnu-tools-for-stm32.13.3.rel1.win32_1.0.0.202411081344/tools/bin/../lib/gcc/arm-none-eabi/13.3.1/../../../../arm-none-eabi/lib/thumb/v7e-m+dp/hard/crt0.o (exit)
C:/ST/STM32CubeIDE_1.16.1/STM32CubeIDE/plugins/com.st.stm32cube.ide.mcu.externaltools.gnu-tools-for-stm32.13.3.rel1.win32_1.0.0.202411081344/tools/bin/../lib/gcc/arm-none-eabi/13.3.1/../../../../arm-none-eabi/lib/thumb/v7e-m+dp/hard\libc_nano.a(libc_a-nano-vfprintf_float.o)
                              (_printf_float)
C:/ST/STM32CubeIDE_1.16.1/STM32CubeIDE/plugins/com.st.stm32cube.ide.mcu.externaltools.gnu-tools-for-stm32.13.3.rel1.win32_1.0.0.202411081344/tools/bin/../lib/gcc/arm-none-eabi/13.3.1/../../../../arm-none-eabi/lib/thumb/v7e-m+dp/hard\libc_nano.a(libc_a-nano-vfprintf_i.o)
                              C:/ST/STM32CubeIDE_1.16.1/STM32CubeIDE/plugins/com.st.stm32cube.ide.mcu.externaltools.gnu-tools-for-stm32.13.3.rel1.win32_1.0.0.202411081344/tools/bin/../lib/gcc/arm-none-eabi/13.3.1/../../../../arm-none-eabi/lib/thumb/v7e-m+dp/hard\libc_nano.a(libc_a-nano-vfprintf_float.o) (_printf_common)
C:/ST/STM32CubeIDE_1.16.1/STM32CubeIDE/plugins/com.st.stm32cube.ide.mcu.externaltools.gnu-tools-for-stm32.13.3.rel1.win32_1.0.0.202411081344/tools/bin/../lib/gcc/arm-none-eabi/13.3.1/../../../../arm-none-eabi/lib/thumb/v7e-m+dp/hard\libc_nano.a(libc_a-findfp.o)
                              C:/ST/STM32CubeIDE_1.16.1/STM32CubeIDE/plugins/com.st.stm32cube.ide.mcu.externaltools.gnu-tools-for-stm32.13.3.rel1.win32_1.0.0.202411081344/tools/bin/../lib/gcc/arm-none-eabi/13.3.1/../../../../arm-none-eabi/lib/thumb/v7e-m+dp/hard\libc_nano.a(libc_a-exit.o) (__stdio_exit_handler)
C:/ST/STM32CubeIDE_1.16.1/STM32CubeIDE/plugins/com.st.stm32cube.ide.mcu.externaltools.gnu-tools-for-stm32.13.3.rel1.win32_1.0.0.202411081344/tools/bin/../lib/gcc/arm-none-eabi/13.3.1/../../../../arm-none-eabi/lib/thumb/v7e-m+dp/hard\libc_nano.a(libc_a-fwalk.o)
                              C:/ST/STM32CubeIDE_1.16.1/STM32CubeIDE/plugins/com.st.stm32cube.ide.mcu.externaltools.gnu-tools-for-stm32.13.3.rel1.win32_1.0.0.202411081344/tools/bin/../lib/gcc/arm-none-eabi/13.3.1/../../../../arm-none-eabi/lib/thumb/v7e-m+dp/hard\libc_nano.a(libc_a-findfp.o) (_fwalk_sglue)
C:/ST/STM32CubeIDE_1.16.1/STM32CubeIDE/plugins/com.st.stm32cube.ide.mcu.externaltools.gnu-tools-for-stm32.13.3.rel1.win32_1.0.0.202411081344/tools/bin/../lib/gcc/arm-none-eabi/13.3.1/../../../../arm-none-eabi/lib/thumb/v7e-m+dp/hard\libc_nano.a(libc_a-printf.o)
                              ./Core/Src/main.o (printf)
C:/ST/STM32CubeIDE_1.16.1/STM32CubeIDE/plugins/com.st.stm32cube.ide.mcu.externaltools.gnu-tools-for-stm32.13.3.rel1.win32_1.0.0.202411081344/tools/bin/../lib/gcc/arm-none-eabi/13.3.1/../../../../arm-none-eabi/lib/thumb/v7e-m+dp/hard\libc_nano.a(libc_a-stdio.o)
                              C:/ST/STM32CubeIDE_1.16.1/STM32CubeIDE/plugins/com.st.stm32cube.ide.mcu.externaltools.gnu-tools-for-stm32.13.3.rel1.win32_1.0.0.202411081344/tools/bin/../lib/gcc/arm-none-eabi/13.3.1/../../../../arm-none-eabi/lib/thumb/v7e-m+dp/hard\libc_nano.a(libc_a-findfp.o) (__sread)
C:/ST/STM32CubeIDE_1.16.1/STM32CubeIDE/plugins/com.st.stm32cube.ide.mcu.externaltools.gnu-tools-for-stm32.13.3.rel1.win32_1.0.0.202411081344/tools/bin/../lib/gcc/arm-none-eabi/13.3.1/../../../../arm-none-eabi/lib/thumb/v7e-m+dp/hard\libc_nano.a(libc_a-memset.o)
                              C:/ST/STM32CubeIDE_1.16.1/STM32CubeIDE/plugins/com.st.stm32cube.ide.mcu.externaltools.gnu-tools-for-stm32.13.3.rel1.win32_1.0.0.202411081344/tools/bin/../lib/gcc/arm-none-eabi/13.3.1/../../../../arm-none-eabi/lib/thumb/v7e-m+dp/hard/crt0.o (memset)
C:/ST/STM32CubeIDE_1.16.1/STM32CubeIDE/plugins/com.st.stm32cube.ide.mcu.externaltools.gnu-tools-for-stm32.13.3.rel1.win32_1.0.0.202411081344/tools/bin/../lib/gcc/arm-none-eabi/13.3.1/../../../../arm-none-eabi/lib/thumb/v7e-m+dp/hard\libc_nano.a(libc_a-localeconv.o)
                              C:/ST/STM32CubeIDE_1.16.1/STM32CubeIDE/plugins/com.st.stm32cube.ide.mcu.externaltools.gnu-tools-for-stm32.13.3.rel1.win32_1.0.0.202411081344/tools/bin/../lib/gcc/arm-none-eabi/13.3.1/../../../../arm-none-eabi/lib/thumb/v7e-m+dp/hard\libc_nano.a(libc_a-nano-vfprintf_float.o) (_localeconv_r)
C:/ST/STM32CubeIDE_1.16.1/STM32CubeIDE/plugins/com.st.stm32cube.ide.mcu.externaltools.gnu-tools-for-stm32.13.3.rel1.win32_1.0.0.202411081344/tools/bin/../lib/gcc/arm-none-eabi/13.3.1/../../../../arm-none-eabi/lib/thumb/v7e-m+dp/hard\libc_nano.a(libc_a-closer.o)
[...]
Memory Configuration

Name             Origin             Length             Attributes
RAM_D1           0x24000000         0x00080000         xrw
FLASH            0x08000000         0x00100000         xr
DTCMRAM          0x20000000         0x00020000         xrw
RAM_D2           0x30000000         0x00048000         xrw
RAM_D3           0x38000000         0x00010000         xrw
ITCMRAM          0x00000000         0x00010000         xrw
*default*        0x00000000         0xffffffff

Linker script and memory map

LOAD C:/ST/STM32CubeIDE_1.16.1/STM32CubeIDE/plugins/com.st.stm32cube.ide.mcu.externaltools.gnu-tools-for-stm32.13.3.rel1.win32_1.0.0.202411081344/tools/bin/../lib/gcc/arm-none-eabi/13.3.1/thumb/v7e-m+dp/hard/crti.o
LOAD C:/ST/STM32CubeIDE_1.16.1/STM32CubeIDE/plugins/com.st.stm32cube.ide.mcu.externaltools.gnu-tools-for-stm32.13.3.rel1.win32_1.0.0.202411081344/tools/bin/../lib/gcc/arm-none-eabi/13.3.1/thumb/v7e-m+dp/hard/crtbegin.o
LOAD C:/ST/STM32CubeIDE_1.16.1/STM32CubeIDE/plugins/com.st.stm32cube.ide.mcu.externaltools.gnu-tools-for-stm32.13.3.rel1.win32_1.0.0.202411081344/tools/bin/../lib/gcc/arm-none-eabi/13.3.1/../../../../arm-none-eabi/lib/thumb/v7e-m+dp/hard/crt0.o
LOAD ./Common/Src/system_stm32h7xx_dualcore_boot_cm4_cm7.o
LOAD ./Core/Src/euler.o
LOAD ./Core/Src/main.o
LOAD ./Core/Src/sh2.o
LOAD ./Core/Src/sh2_SensorValue.o
LOAD ./Core/Src/sh2_hal.o
LOAD ./Core/Src/sh2_util.o
LOAD ./Core/Src/shtp.o
LOAD ./Core/Src/stm32h7xx_hal_msp.o
LOAD ./Core/Src/stm32h7xx_it.o
LOAD ./Core/Src/syscalls.o
LOAD ./Core/Src/sysmem.o
LOAD ./Core/Startup/startup_stm32h745xihx.o
LOAD ./Drivers/STM32H7xx_HAL_Driver/stm32h7xx_hal.o
LOAD ./Drivers/STM32H7xx_HAL_Driver/stm32h7xx_hal_adc.o
LOAD ./Drivers/STM32H7xx_HAL_Driver/stm32h7xx_hal_adc_ex.o
LOAD ./Drivers/STM32H7xx_HAL_Driver/stm32h7xx_hal_cortex.o
LOAD ./Drivers/STM32H7xx_HAL_Driver/stm32h7xx_hal_dma.o
LOAD ./Drivers/STM32H7xx_HAL_Driver/stm32h7xx_hal_dma_ex.o
LOAD ./Drivers/STM32H7xx_HAL_Driver/stm32h7xx_hal_exti.o
LOAD ./Drivers/STM32H7xx_HAL_Driver/stm32h7xx_hal_flash.o
LOAD ./Drivers/STM32H7xx_HAL_Driver/stm32h7xx_hal_flash_ex.o
LOAD ./Drivers/STM32H7xx_HAL_Driver/stm32h7xx_hal_gpio.o
LOAD ./Drivers/STM32H7xx_HAL_Driver/stm32h7xx_hal_hsem.o
LOAD ./Drivers/STM32H7xx_HAL_Driver/stm32h7xx_hal_i2c.o
LOAD ./Drivers/STM32H7xx_HAL_Driver/stm32h7xx_hal_i2c_ex.o
LOAD ./Drivers/STM32H7xx_HAL_Driver/stm32h7xx_hal_mdma.o
LOAD ./Drivers/STM32H7xx_HAL_Driver/stm32h7xx_hal_pwr.o
LOAD ./Drivers/STM32H7xx_HAL_Driver/stm32h7xx_hal_pwr_ex.o
LOAD ./Drivers/STM32H7xx_HAL_Driver/stm32h7xx_hal_rcc.o
LOAD ./Drivers/STM32H7xx_HAL_Driver/stm32h7xx_hal_rcc_ex.o
LOAD ./Drivers/STM32H7xx_HAL_Driver/stm32h7xx_hal_uart.o
LOAD ./Drivers/STM32H7xx_HAL_Driver/stm32h7xx_hal_uart_ex.o
START GROUP
LOAD C:/ST/STM32CubeIDE_1.16.1/STM32CubeIDE/plugins/com.st.stm32cube.ide.mcu.externaltools.gnu-tools-for-stm32.13.3.rel1.win32_1.0.0.202411081344/tools/bin/../lib/gcc/arm-none-eabi/13.3.1/../../../../arm-none-eabi/lib/thumb/v7e-m+dp/hard\libc_nano.a
LOAD C:/ST/STM32CubeIDE_1.16.1/STM32CubeIDE/plugins/com.st.stm32cube.ide.mcu.externaltools.gnu-tools-for-stm32.13.3.rel1.win32_1.0.0.202411081344/tools/bin/../lib/gcc/arm-none-eabi/13.3.1/../../../../arm-none-eabi/lib/thumb/v7e-m+dp/hard\libm.a
END GROUP
START GROUP
LOAD C:/ST/STM32CubeIDE_1.16.1/STM32CubeIDE/plugins/com.st.stm32cube.ide.mcu.externaltools.gnu-tools-for-stm32.13.3.rel1.win32_1.0.0.202411081344/tools/bin/../lib/gcc/arm-none-eabi/13.3.1/thumb/v7e-m+dp/hard\libgcc.a
LOAD C:/ST/STM32CubeIDE_1.16.1/STM32CubeIDE/plugins/com.st.stm32cube.ide.mcu.externaltools.gnu-tools-for-stm32.13.3.rel1.win32_1.0.0.202411081344/tools/bin/../lib/gcc/arm-none-eabi/13.3.1/../../../../arm-none-eabi/lib/thumb/v7e-m+dp/hard\libc_nano.a
END GROUP
START GROUP
LOAD C:/ST/STM32CubeIDE_1.16.1/STM32CubeIDE/plugins/com.st.stm32cube.ide.mcu.externaltools.gnu-tools-for-stm32.13.3.rel1.win32_1.0.0.202411081344/tools/bin/../lib/gcc/arm-none-eabi/13.3.1/thumb/v7e-m+dp/hard\libgcc.a
LOAD C:/ST/STM32CubeIDE_1.16.1/STM32CubeIDE/plugins/com.st.stm32cube.ide.mcu.externaltools.gnu-tools-for-stm32.13.3.rel1.win32_1.0.0.202411081344/tools/bin/../lib/gcc/arm-none-eabi/13.3.1/../../../../arm-none-eabi/lib/thumb/v7e-m+dp/hard\libc_nano.a
LOAD C:/ST/STM32CubeIDE_1.16.1/STM32CubeIDE/plugins/com.st.stm32cube.ide.mcu.externaltools.gnu-tools-for-stm32.13.3.rel1.win32_1.0.0.202411081344/tools/bin/../lib/gcc/arm-none-eabi/13.3.1/../../../../arm-none-eabi/lib/thumb/v7e-m+dp/hard\libnosys.a
END GROUP
START GROUP
LOAD C:/ST/STM32CubeIDE_1.16.1/STM32CubeIDE/plugins/com.st.stm32cube.ide.mcu.externaltools.gnu-tools-for-stm32.13.3.rel1.win32_1.0.0.202411081344/tools/bin/../lib/gcc/arm-none-eabi/13.3.1/thumb/v7e-m+dp/hard\libgcc.a
LOAD C:/ST/STM32CubeIDE_1.16.1/STM32CubeIDE/plugins/com.st.stm32cube.ide.mcu.externaltools.gnu-tools-for-stm32.13.3.rel1.win32_1.0.0.202411081344/tools/bin/../lib/gcc/arm-none-eabi/13.3.1/../../../../arm-none-eabi/lib/thumb/v7e-m+dp/hard\libc_nano.a
LOAD C:/ST/STM32CubeIDE_1.16.1/STM32CubeIDE/plugins/com.st.stm32cube.ide.mcu.externaltools.gnu-tools-for-stm32.13.3.rel1.win32_1.0.0.202411081344/tools/bin/../lib/gcc/arm-none-eabi/13.3.1/../../../../arm-none-eabi/lib/thumb/v7e-m+dp/hard\libnosys.a
END GROUP
LOAD C:/ST/STM32CubeIDE_1.16.1/STM32CubeIDE/plugins/com.st.stm32cube.ide.mcu.externaltools.gnu-tools-for-stm32.13.3.rel1.win32_1.0.0.202411081344/tools/bin/../lib/gcc/arm-none-eabi/13.3.1/thumb/v7e-m+dp/hard/crtend.o
LOAD C:/ST/STM32CubeIDE_1.16.1/STM32CubeIDE/plugins/com.st.stm32cube.ide.mcu.externaltools.gnu-tools-for-stm32.13.3.rel1.win32_1.0.0.202411081344/tools/bin/../lib/gcc/arm-none-eabi/13.3.1/thumb/v7e-m+dp/hard/crtn.o
                0x24080000                        _estack = (ORIGIN (RAM_D1) + LENGTH (RAM_D1))
                0x00000200                        _Min_Heap_Size = 0x200
                0x00000400                        _Min_Stack_Size = 0x400

.isr_vector     0x08000000      0x298
                0x08000000                        . = ALIGN (0x4)
 *(.isr_vector)
 .isr_vector    0x08000000      0x298 ./Core/Startup/startup_stm32h745xihx.o
                0x08000000                g_pfnVectors
                0x08000298                        . = ALIGN (0x4)

.text           0x080002a0     0xe0bc
                0x080002a0                        . = ALIGN (0x4)
 *(.text)
 .text          0x080002a0       0x40 C:/ST/STM32CubeIDE_1.16.1/STM32CubeIDE/plugins/com.st.stm32cube.ide.mcu.externaltools.gnu-tools-for-stm32.13.3.rel1.win32_1.0.0.202411081344/tools/bin/../lib/gcc/arm-none-eabi/13.3.1/thumb/v7e-m+dp/hard/crtbegin.o
 .text          0x080002e0       0xa0 C:/ST/STM32CubeIDE_1.16.1/STM32CubeIDE/plugins/com.st.stm32cube.ide.mcu.externaltools.gnu-tools-for-stm32.13.3.rel1.win32_1.0.0.202411081344/tools/bin/../lib/gcc/arm-none-eabi/13.3.1/../../../../arm-none-eabi/lib/thumb/v7e-m+dp/hard\libc_nano.a(libc_a-memchr.o)
                0x080002e0                memchr
 .text          0x08000380       0x10 C:/ST/STM32CubeIDE_1.16.1/STM32CubeIDE/plugins/com.st.stm32cube.ide.mcu.externaltools.gnu-tools-for-stm32.13.3.rel1.win32_1.0.0.202411081344/tools/bin/../lib/gcc/arm-none-eabi/13.3.1/../../../../arm-none-eabi/lib/thumb/v7e-m+dp/hard\libc_nano.a(libc_a-strlen.o)
                0x08000380                strlen
 .text          0x08000390       0x30 C:/ST/STM32CubeIDE_1.16.1/STM32CubeIDE/plugins/com.st.stm32cube.ide.mcu.externaltools.gnu-tools-for-stm32.13.3.rel1.win32_1.0.0.202411081344/tools/bin/../lib/gcc/arm-none-eabi/13.3.1/thumb/v7e-m+dp/hard\libgcc.a(_aeabi_uldivmod.o)
                0x08000390                __aeabi_uldivmod
 .text          0x080003c0      0x2f8 C:/ST/STM32CubeIDE_1.16.1/STM32CubeIDE/plugins/com.st.stm32cube.ide.mcu.externaltools.gnu-tools-for-stm32.13.3.rel1.win32_1.0.0.202411081344/tools/bin/../lib/gcc/arm-none-eabi/13.3.1/thumb/v7e-m+dp/hard\libgcc.a(_udivmoddi4.o)
                0x080003c0                __udivmoddi4
 .text          0x080006b8        0x4 C:/ST/STM32CubeIDE_1.16.1/STM32CubeIDE/plugins/com.st.stm32cube.ide.mcu.externaltools.gnu-tools-for-stm32.13.3.rel1.win32_1.0.0.202411081344/tools/bin/../lib/gcc/arm-none-eabi/13.3.1/thumb/v7e-m+dp/hard\libgcc.a(_dvmd_tls.o)
                0x080006b8                __aeabi_idiv0
                0x080006b8                __aeabi_ldiv0
 *(.text*)
 .text.SystemInit
                0x080006bc      0x15c ./Common/Src/system_stm32h7xx_dualcore_boot_cm4_cm7.o
                0x080006bc                SystemInit
 .text.ExitRun0Mode
                0x08000818       0x30 ./Common/Src/system_stm32h7xx_dualcore_boot_cm4_cm7.o
                0x08000818                ExitRun0Mode
 .text.ReadTemp
                0x08000848       0x90 ./Core/Src/main.o
                0x08000848                ReadTemp
 .text.main     0x080008d8      0x268 ./Core/Src/main.o
                0x080008d8                main
 .text.SystemClock_Config
                0x08000b40       0xf0 ./Core/Src/main.o
                0x08000b40                SystemClock_Config
 .text.MX_ADC1_Init
                0x08000c30       0xf4 ./Core/Src/main.o
 .text.MX_I2C4_Init
                0x08000d24       0x80 ./Core/Src/main.o
 .text.MX_USART2_UART_Init
                0x08000da4       0x98 ./Core/Src/main.o
 .text.MX_USART3_UART_Init
                0x08000e3c       0x98 ./Core/Src/main.o
 .text.MX_GPIO_Init
                0x08000ed4      0x130 ./Core/Src/main.o
 .text.__io_putchar
                0x08001004       0x24 ./Core/Src/main.o
                0x08001004                __io_putchar
 .text.HAL_GPIO_EXTI_Callback
                0x08001028       0x2c ./Core/Src/main.o
                0x08001028                HAL_GPIO_EXTI_Callback
 .text.Error_Handler
                0x08001054        0xc ./Core/Src/main.o
                0x08001054                Error_Handler
 .text.opStart  0x08001060       0x4a ./Core/Src/sh2.o
 .text.opRx     0x080010aa       0x36 ./Core/Src/sh2.o
 .text.opCompleted
                0x080010e0       0x24 ./Core/Src/sh2.o
 .text.opOnReset
                0x08001104       0x38 ./Core/Src/sh2.o
 .text.getReportLen
                0x0800113c       0x48 ./Core/Src/sh2.o
 .text.sensorhubControlHdlr
                0x08001184      0x164 ./Core/Src/sh2.o
 .text.opProcess
                0x080012e8       0xa8 ./Core/Src/sh2.o
 .text.touSTimestamp
                0x08001390       0x88 ./Core/Src/sh2.o
 .text.sensorhubInputHdlr
                0x08001418      0x160 ./Core/Src/sh2.o
 .text.sensorhubInputNormalHdlr
                0x08001578       0x28 ./Core/Src/sh2.o
 .text.sensorhubInputWakeHdlr
                0x080015a0       0x28 ./Core/Src/sh2.o
 .text.sensorhubInputGyroRvHdlr
                0x080015c8       0xa2 ./Core/Src/sh2.o
 *fill*         0x0800166a        0x2 
 .text.executableDeviceHdlr
                0x0800166c       0x78 ./Core/Src/sh2.o
 .text.sendCtrl
                0x080016e4       0x26 ./Core/Src/sh2.o
 .text.setSensorConfigStart
                0x0800170a       0xda ./Core/Src/sh2.o
 .text.sendCmd  0x080017e4       0x8e ./Core/Src/sh2.o
 .text.sendCmdStart
                0x08001872       0x2e ./Core/Src/sh2.o
 .text.shtpEventCallback
                0x080018a0       0x44 ./Core/Src/sh2.o
 .text.sh2_open
                0x080018e4      0x134 ./Core/Src/sh2.o
                0x080018e4                sh2_open
 .text.sh2_service
                0x08001a18       0x28 ./Core/Src/sh2.o
                0x08001a18                sh2_service
 .text.sh2_setSensorCallback
                0x08001a40       0x2c ./Core/Src/sh2.o
                0x08001a40                sh2_setSensorCallback
 .text.sh2_setSensorConfig
                0x08001a6c       0x54 ./Core/Src/sh2.o
                0x08001a6c                sh2_setSensorConfig
 .text.sh2_setTareNow
                0x08001ac0       0x6c ./Core/Src/sh2.o
                0x08001ac0                sh2_setTareNow
 .text.sh2_decodeSensorEvent
                0x08001b2c      0x318 ./Core/Src/sh2_SensorValue.o
                0x08001b2c                sh2_decodeSensorEvent
 .text.decodeRawAccelerometer
                0x08001e44       0x5c ./Core/Src/sh2_SensorValue.o
 .text.decodeAccelerometer
                0x08001ea0       0x80 ./Core/Src/sh2_SensorValue.o
 .text.decodeLinearAcceleration
                0x08001f20       0x80 ./Core/Src/sh2_SensorValue.o
 .text.decodeGravity
                0x08001fa0       0x80 ./Core/Src/sh2_SensorValue.o
 .text.decodeRawGyroscope
                0x08002020       0x6e ./Core/Src/sh2_SensorValue.o
 *fill*         0x0800208e        0x2 
 .text.decodeGyroscopeCalibrated
                0x08002090       0x80 ./Core/Src/sh2_SensorValue.o
 .text.decodeGyroscopeUncal
                0x08002110       0xe4 ./Core/Src/sh2_SensorValue.o
 .text.decodeRawMagnetometer
                0x080021f4       0x5c ./Core/Src/sh2_SensorValue.o
 .text.decodeMagneticFieldCalibrated
                0x08002250       0x80 ./Core/Src/sh2_SensorValue.o
 .text.decodeMagneticFieldUncal
                0x080022d0       0xe4 ./Core/Src/sh2_SensorValue.o
 .text.decodeRotationVector
                0x080023b4       0xc8 ./Core/Src/sh2_SensorValue.o
 .text.decodeGameRotationVector
                0x0800247c       0xa0 ./Core/Src/sh2_SensorValue.o
 .text.decodeGeomagneticRotationVector
                0x0800251c       0xc8 ./Core/Src/sh2_SensorValue.o
 .text.decodePressure
                0x080025e4       0x38 ./Core/Src/sh2_SensorValue.o
 .text.decodeAmbientLight
                0x0800261c       0x38 ./Core/Src/sh2_SensorValue.o
 .text.decodeHumidity
                0x08002654       0x3c ./Core/Src/sh2_SensorValue.o
 .text.decodeProximity
                0x08002690       0x3c ./Core/Src/sh2_SensorValue.o
 .text.decodeTemperature
                0x080026cc       0x3c ./Core/Src/sh2_SensorValue.o
 .text.decodeReserved
                0x08002708       0x3c ./Core/Src/sh2_SensorValue.o
 .text.decodeTapDetector
                0x08002744       0x20 ./Core/Src/sh2_SensorValue.o
 .text.decodeStepDetector
                0x08002764       0x24 ./Core/Src/sh2_SensorValue.o
 .text.decodeStepCounter
                0x08002788       0x36 ./Core/Src/sh2_SensorValue.o
 .text.decodeSignificantMotion
                0x080027be       0x26 ./Core/Src/sh2_SensorValue.o
 .text.decodeStabilityClassifier
                0x080027e4       0x20 ./Core/Src/sh2_SensorValue.o
 .text.decodeShakeDetector
                0x08002804       0x26 ./Core/Src/sh2_SensorValue.o
 .text.decodeFlipDetector
                0x0800282a       0x26 ./Core/Src/sh2_SensorValue.o
 .text.decodePickupDetector
                0x08002850       0x26 ./Core/Src/sh2_SensorValue.o
 .text.decodeStabilityDetector
                0x08002876       0x26 ./Core/Src/sh2_SensorValue.o
 .text.decodePersonalActivityClassifier
                0x0800289c       0x66 ./Core/Src/sh2_SensorValue.o
 .text.decodeSleepDetector
                0x08002902       0x20 ./Core/Src/sh2_SensorValue.o
 .text.decodeTiltDetector
                0x08002922       0x26 ./Core/Src/sh2_SensorValue.o
 .text.decodePocketDetector
                0x08002948       0x26 ./Core/Src/sh2_SensorValue.o
 .text.decodeCircleDetector
                0x0800296e       0x26 ./Core/Src/sh2_SensorValue.o
 .text.decodeHeartRateMonitor
                0x08002994       0x26 ./Core/Src/sh2_SensorValue.o
 *fill*         0x080029ba        0x2 
 .text.decodeArvrStabilizedRV
                0x080029bc       0xc8 ./Core/Src/sh2_SensorValue.o
 .text.decodeArvrStabilizedGRV
                0x08002a84       0xa0 ./Core/Src/sh2_SensorValue.o
 .text.decodeGyroIntegratedRV
                0x08002b24      0x10c ./Core/Src/sh2_SensorValue.o
 .text.decodeIZroRequest
                0x08002c30       0x28 ./Core/Src/sh2_SensorValue.o
 .text.decodeRawOptFlow
                0x08002c58       0xfa ./Core/Src/sh2_SensorValue.o
 *fill*         0x08002d52        0x2 
 .text.decodeDeadReckoningPose
                0x08002d54      0x1d4 ./Core/Src/sh2_SensorValue.o
 .text.decodeWheelEncoder
                0x08002f28       0x5c ./Core/Src/sh2_SensorValue.o
 .text.SH2_HAL_Setup
                0x08002f84       0x2c ./Core/Src/sh2_hal.o
                0x08002f84                SH2_HAL_Setup
 .text.getTimeUs
                0x08002fb0       0x1e ./Core/Src/sh2_hal.o
 *fill*         0x08002fce        0x2 
 .text.open     0x08002fd0       0x44 ./Core/Src/sh2_hal.o
 .text.close    0x08003014       0x24 ./Core/Src/sh2_hal.o
 .text.read     0x08003038       0x68 ./Core/Src/sh2_hal.o
 .text.write    0x080030a0       0x40 ./Core/Src/sh2_hal.o
 .text.sh2_hal_get
                0x080030e0       0x48 ./Core/Src/sh2_hal.o
                0x080030e0                sh2_hal_get
 .text.IMU_Init
                0x08003128       0x68 ./Core/Src/sh2_hal.o
                0x08003128                IMU_Init
 .text.IMU_Service
                0x08003190        0xc ./Core/Src/sh2_hal.o
                0x08003190                IMU_Service
 .text.sensorHandler
                0x0800319c       0xa0 ./Core/Src/sh2_hal.o
 .text.Tare     0x0800323c       0x10 ./Core/Src/sh2_hal.o
                0x0800323c                Tare
 .text.readu16  0x0800324c       0x2e ./Core/Src/sh2_util.o
                0x0800324c                readu16
 .text.readu32  0x0800327a       0x3c ./Core/Src/sh2_util.o
                0x0800327a                readu32
 .text.read8    0x080032b6       0x1e ./Core/Src/sh2_util.o
                0x080032b6                read8
 .text.read16   0x080032d4       0x2e ./Core/Src/sh2_util.o
                0x080032d4                read16
 .text.read32   0x08003302       0x3c ./Core/Src/sh2_util.o
                0x08003302                read32
 *fill*         0x0800333e        0x2 
 .text.shtp_init
                0x08003340       0x44 ./Core/Src/shtp.o
 .text.getInstance
                0x08003384       0x50 ./Core/Src/shtp.o
 .text.min_u16  0x080033d4       0x2a ./Core/Src/shtp.o
 .text.txProcess
                0x080033fe      0x12a ./Core/Src/shtp.o
 .text.rxAssemble
                0x08003528      0x2bc ./Core/Src/shtp.o
 .text.shtp_open
                0x080037e4       0x68 ./Core/Src/shtp.o
                0x080037e4                shtp_open
 .text.shtp_setEventCallback
                0x0800384c       0x28 ./Core/Src/shtp.o
                0x0800384c                shtp_setEventCallback
 .text.shtp_listenChan
                0x08003874       0x60 ./Core/Src/shtp.o
                0x08003874                shtp_listenChan
 .text.shtp_send
                0x080038d4       0x62 ./Core/Src/shtp.o
                0x080038d4                shtp_send
 .text.shtp_service
                0x08003936       0x4c ./Core/Src/shtp.o
                0x08003936                shtp_service
 *fill*         0x08003982        0x2 
 .text.HAL_MspInit
                0x08003984       0x34 ./Core/Src/stm32h7xx_hal_msp.o
                0x08003984                HAL_MspInit
 .text.HAL_ADC_MspInit
                0x080039b8       0xc0 ./Core/Src/stm32h7xx_hal_msp.o
                0x080039b8                HAL_ADC_MspInit
 .text.HAL_I2C_MspInit
                0x08003a78       0xd4 ./Core/Src/stm32h7xx_hal_msp.o
                0x08003a78                HAL_I2C_MspInit
 .text.HAL_UART_MspInit
                0x08003b4c      0x174 ./Core/Src/stm32h7xx_hal_msp.o
                0x08003b4c                HAL_UART_MspInit
 .text.NMI_Handler
                0x08003cc0        0x8 ./Core/Src/stm32h7xx_it.o
                0x08003cc0                NMI_Handler
 .text.HardFault_Handler
                0x08003cc8        0x8 ./Core/Src/stm32h7xx_it.o
                0x08003cc8                HardFault_Handler
 .text.MemManage_Handler
                0x08003cd0        0x8 ./Core/Src/stm32h7xx_it.o
                0x08003cd0                MemManage_Handler
 .text.BusFault_Handler
                0x08003cd8        0x8 ./Core/Src/stm32h7xx_it.o
                0x08003cd8                BusFault_Handler
 .text.UsageFault_Handler
                0x08003ce0        0x8 ./Core/Src/stm32h7xx_it.o
                0x08003ce0                UsageFault_Handler
 .text.SVC_Handler
                0x08003ce8        0xe ./Core/Src/stm32h7xx_it.o
                0x08003ce8                SVC_Handler
 .text.DebugMon_Handler
                0x08003cf6        0xe ./Core/Src/stm32h7xx_it.o
                0x08003cf6                DebugMon_Handler
 .text.PendSV_Handler
                0x08003d04        0xe ./Core/Src/stm32h7xx_it.o
                0x08003d04                PendSV_Handler
 .text.SysTick_Handler
                0x08003d12        0xc ./Core/Src/stm32h7xx_it.o
                0x08003d12                SysTick_Handler
 .text.EXTI15_10_IRQHandler
                0x08003d1e       0x10 ./Core/Src/stm32h7xx_it.o
                0x08003d1e                EXTI15_10_IRQHandler
 .text._getpid  0x08003d2e       0x10 ./Core/Src/syscalls.o
                0x08003d2e                _getpid
 .text._kill    0x08003d3e       0x20 ./Core/Src/syscalls.o
                0x08003d3e                _kill
 .text._exit    0x08003d5e       0x16 ./Core/Src/syscalls.o
                0x08003d5e                _exit
 .text._read    0x08003d74       0x3a ./Core/Src/syscalls.o
                0x08003d74                _read
 .text._write   0x08003dae       0x38 ./Core/Src/syscalls.o
                0x08003dae                _write
 .text._close   0x08003de6       0x18 ./Core/Src/syscalls.o
                0x08003de6                _close
 .text._fstat   0x08003dfe       0x20 ./Core/Src/syscalls.o
                0x08003dfe                _fstat
 .text._isatty  0x08003e1e       0x16 ./Core/Src/syscalls.o
                0x08003e1e                _isatty
 .text._lseek   0x08003e34       0x1a ./Core/Src/syscalls.o
                0x08003e34                _lseek
 *fill*         0x08003e4e        0x2 
 .text._sbrk    0x08003e50       0x6c ./Core/Src/sysmem.o
                0x08003e50                _sbrk
 .text.Reset_Handler
                0x08003ebc       0x54 ./Core/Startup/startup_stm32h745xihx.o
                0x08003ebc                Reset_Handler
 .text.Default_Handler
                0x08003f10        0x2 ./Core/Startup/startup_stm32h745xihx.o
                0x08003f10                RTC_Alarm_IRQHandler
                0x08003f10                EXTI2_IRQHandler
                0x08003f10                TIM8_CC_IRQHandler
                0x08003f10                HRTIM1_Master_IRQHandler
                0x08003f10                UART8_IRQHandler
                0x08003f10                SPI4_IRQHandler
                0x08003f10                TIM1_CC_IRQHandler
                0x08003f10                BDMA_Channel6_IRQHandler
                0x08003f10                DMA2_Stream5_IRQHandler
                0x08003f10                HRTIM1_FLT_IRQHandler
                0x08003f10                JPEG_IRQHandler
                0x08003f10                DMA1_Stream5_IRQHandler
                0x08003f10                BDMA_Channel1_IRQHandler
                0x08003f10                HRTIM1_TIMD_IRQHandler
                0x08003f10                TAMP_STAMP_IRQHandler
                0x08003f10                EXTI3_IRQHandler
                0x08003f10                LPTIM4_IRQHandler
                0x08003f10                TIM8_TRG_COM_TIM14_IRQHandler
                0x08003f10                LPTIM2_IRQHandler
                0x08003f10                DFSDM1_FLT1_IRQHandler
                0x08003f10                DMAMUX2_OVR_IRQHandler
                0x08003f10                TIM8_UP_TIM13_IRQHandler
                0x08003f10                I2C3_ER_IRQHandler
                0x08003f10                DFSDM1_FLT2_IRQHandler
                0x08003f10                MDMA_IRQHandler
                0x08003f10                LPTIM3_IRQHandler
                0x08003f10                HSEM1_IRQHandler
                0x08003f10                EXTI0_IRQHandler
                0x08003f10                I2C2_EV_IRQHandler
                0x08003f10                DMA1_Stream2_IRQHandler
                0x08003f10                FPU_IRQHandler
                0x08003f10                OTG_HS_WKUP_IRQHandler
                0x08003f10                FDCAN1_IT1_IRQHandler
                0x08003f10                LTDC_ER_IRQHandler
                0x08003f10                DMA2_Stream2_IRQHandler
                0x08003f10                HRTIM1_TIME_IRQHandler
                0x08003f10                SPI1_IRQHandler
                0x08003f10                TIM6_DAC_IRQHandler
                0x08003f10                DCMI_IRQHandler
                0x08003f10                HRTIM1_TIMC_IRQHandler
                0x08003f10                DMA2_Stream3_IRQHandler
                0x08003f10                SAI2_IRQHandler
                0x08003f10                DFSDM1_FLT3_IRQHandler
                0x08003f10                USART6_IRQHandler
                0x08003f10                TIM17_IRQHandler
                0x08003f10                USART3_IRQHandler
                0x08003f10                BDMA_Channel7_IRQHandler
                0x08003f10                LPTIM5_IRQHandler
                0x08003f10                UART5_IRQHandler
                0x08003f10                ADC3_IRQHandler
                0x08003f10                DMA2_Stream0_IRQHandler
                0x08003f10                TIM4_IRQHandler
                0x08003f10                BDMA_Channel2_IRQHandler
                0x08003f10                QUADSPI_IRQHandler
                0x08003f10                I2C1_EV_IRQHandler
                0x08003f10                DMA1_Stream6_IRQHandler
                0x08003f10                DMAMUX1_OVR_IRQHandler
                0x08003f10                DMA1_Stream1_IRQHandler
                0x08003f10                TIM16_IRQHandler
                0x08003f10                UART4_IRQHandler
                0x08003f10                BDMA_Channel5_IRQHandler
                0x08003f10                TIM3_IRQHandler
                0x08003f10                RCC_IRQHandler
                0x08003f10                TIM8_BRK_TIM12_IRQHandler
                0x08003f10                TIM1_TRG_COM_IRQHandler
                0x08003f10                Default_Handler
                0x08003f10                ECC_IRQHandler
                0x08003f10                CEC_IRQHandler
                0x08003f10                BDMA_Channel0_IRQHandler
                0x08003f10                ADC_IRQHandler
                0x08003f10                DMA1_Stream7_IRQHandler
                0x08003f10                HRTIM1_TIMA_IRQHandler
                0x08003f10                SPI5_IRQHandler
                0x08003f10                TIM7_IRQHandler
                0x08003f10                SDMMC1_IRQHandler
                0x08003f10                TIM5_IRQHandler
                0x08003f10                DMA2_Stream7_IRQHandler
                0x08003f10                TIM15_IRQHandler
                0x08003f10                PVD_AVD_IRQHandler
                0x08003f10                I2C3_EV_IRQHandler
                0x08003f10                EXTI9_5_IRQHandler
                0x08003f10                RTC_WKUP_IRQHandler
                0x08003f10                LTDC_IRQHandler
                0x08003f10                SAI3_IRQHandler
                0x08003f10                ETH_WKUP_IRQHandler
                0x08003f10                SPDIF_RX_IRQHandler
                0x08003f10                SPI2_IRQHandler
                0x08003f10                OTG_HS_EP1_IN_IRQHandler
                0x08003f10                DMA1_Stream0_IRQHandler
                0x08003f10                CRS_IRQHandler
                0x08003f10                CM7_SEV_IRQHandler
                0x08003f10                EXTI4_IRQHandler
                0x08003f10                RNG_IRQHandler
                0x08003f10                CM4_SEV_IRQHandler
                0x08003f10                HRTIM1_TIMB_IRQHandler
                0x08003f10                FDCAN2_IT1_IRQHandler
                0x08003f10                ETH_IRQHandler
                0x08003f10                TIM1_UP_IRQHandler
                0x08003f10                WWDG_RST_IRQHandler
                0x08003f10                BDMA_Channel4_IRQHandler
                0x08003f10                OTG_HS_EP1_OUT_IRQHandler
                0x08003f10                WWDG_IRQHandler
                0x08003f10                SPI6_IRQHandler
                0x08003f10                MDIOS_IRQHandler
                0x08003f10                I2C4_EV_IRQHandler
                0x08003f10                FDCAN2_IT0_IRQHandler
                0x08003f10                LPUART1_IRQHandler
                0x08003f10                FDCAN1_IT0_IRQHandler
                0x08003f10                TIM2_IRQHandler
                0x08003f10                OTG_FS_WKUP_IRQHandler
                0x08003f10                OTG_HS_IRQHandler
                0x08003f10                HSEM2_IRQHandler
                0x08003f10                DMA2D_IRQHandler
                0x08003f10                TIM1_BRK_IRQHandler
                0x08003f10                EXTI1_IRQHandler
                0x08003f10                SDMMC2_IRQHandler
                0x08003f10                OTG_FS_EP1_OUT_IRQHandler
                0x08003f10                BDMA_Channel3_IRQHandler
                0x08003f10                HOLD_CORE_IRQHandler
                0x08003f10                UART7_IRQHandler
                0x08003f10                MDIOS_WKUP_IRQHandler
                0x08003f10                USART2_IRQHandler
                0x08003f10                DFSDM1_FLT0_IRQHandler
                0x08003f10                SAI4_IRQHandler
                0x08003f10                I2C2_ER_IRQHandler
                0x08003f10                DMA2_Stream1_IRQHandler
                0x08003f10                FLASH_IRQHandler
                0x08003f10                DMA2_Stream4_IRQHandler
                0x08003f10                USART1_IRQHandler
                0x08003f10                OTG_FS_IRQHandler
                0x08003f10                SPI3_IRQHandler
                0x08003f10                WAKEUP_PIN_IRQHandler
                0x08003f10                DMA1_Stream4_IRQHandler
                0x08003f10                OTG_FS_EP1_IN_IRQHandler
                0x08003f10                I2C1_ER_IRQHandler
                0x08003f10                FMC_IRQHandler
                0x08003f10                FDCAN_CAL_IRQHandler
                0x08003f10                SWPMI1_IRQHandler
                0x08003f10                COMP1_IRQHandler
                0x08003f10                LPTIM1_IRQHandler
                0x08003f10                I2C4_ER_IRQHandler
                0x08003f10                DMA2_Stream6_IRQHandler
                0x08003f10                SAI1_IRQHandler
                0x08003f10                DMA1_Stream3_IRQHandler
 *fill*         0x08003f12        0x2 
 .text.HAL_Init
                0x08003f14       0x78 ./Drivers/STM32H7xx_HAL_Driver/stm32h7xx_hal.o
                0x08003f14                HAL_Init
 .text.HAL_InitTick
                0x08003f8c       0x6c ./Drivers/STM32H7xx_HAL_Driver/stm32h7xx_hal.o
                0x08003f8c                HAL_InitTick
 .text.HAL_IncTick
                0x08003ff8       0x28 ./Drivers/STM32H7xx_HAL_Driver/stm32h7xx_hal.o
                0x08003ff8                HAL_IncTick
 .text.HAL_GetTick
                0x08004020       0x18 ./Drivers/STM32H7xx_HAL_Driver/stm32h7xx_hal.o
                0x08004020                HAL_GetTick
 .text.HAL_Delay
                0x08004038       0x48 ./Drivers/STM32H7xx_HAL_Driver/stm32h7xx_hal.o
                0x08004038                HAL_Delay
 .text.HAL_GetREVID
                0x08004080       0x18 ./Drivers/STM32H7xx_HAL_Driver/stm32h7xx_hal.o
                0x08004080                HAL_GetREVID
 .text.HAL_SYSCFG_AnalogSwitchConfig
                0x08004098       0x2c ./Drivers/STM32H7xx_HAL_Driver/stm32h7xx_hal.o
                0x08004098                HAL_SYSCFG_AnalogSwitchConfig
 .text.LL_ADC_SetCommonClock
                0x080040c4       0x26 ./Drivers/STM32H7xx_HAL_Driver/stm32h7xx_hal_adc.o
 .text.LL_ADC_SetCommonPathInternalCh
                0x080040ea       0x26 ./Drivers/STM32H7xx_HAL_Driver/stm32h7xx_hal_adc.o
 .text.LL_ADC_GetCommonPathInternalCh
                0x08004110       0x1c ./Drivers/STM32H7xx_HAL_Driver/stm32h7xx_hal_adc.o
 .text.LL_ADC_SetChannelPreselection
                0x0800412c       0x66 ./Drivers/STM32H7xx_HAL_Driver/stm32h7xx_hal_adc.o
 .text.LL_ADC_SetOffset
                0x08004192       0x40 ./Drivers/STM32H7xx_HAL_Driver/stm32h7xx_hal_adc.o
 .text.LL_ADC_SetDataRightShift
                0x080041d2       0x32 ./Drivers/STM32H7xx_HAL_Driver/stm32h7xx_hal_adc.o
 .text.LL_ADC_SetOffsetSignedSaturation
                0x08004204       0x36 ./Drivers/STM32H7xx_HAL_Driver/stm32h7xx_hal_adc.o
 .text.LL_ADC_REG_IsTriggerSourceSWStart
                0x0800423a       0x26 ./Drivers/STM32H7xx_HAL_Driver/stm32h7xx_hal_adc.o
 .text.LL_ADC_REG_SetSequencerRanks
                0x08004260       0x58 ./Drivers/STM32H7xx_HAL_Driver/stm32h7xx_hal_adc.o
 .text.LL_ADC_SetChannelSamplingTime
                0x080042b8       0x56 ./Drivers/STM32H7xx_HAL_Driver/stm32h7xx_hal_adc.o
 *fill*         0x0800430e        0x2 
 .text.LL_ADC_SetChannelSingleDiff
                0x08004310       0x48 ./Drivers/STM32H7xx_HAL_Driver/stm32h7xx_hal_adc.o
 .text.LL_ADC_GetMultimode
                0x08004358       0x1c ./Drivers/STM32H7xx_HAL_Driver/stm32h7xx_hal_adc.o
 .text.LL_ADC_GetMultiDMATransfer
                0x08004374       0x1c ./Drivers/STM32H7xx_HAL_Driver/stm32h7xx_hal_adc.o
 .text.LL_ADC_DisableDeepPowerDown
                0x08004390       0x24 ./Drivers/STM32H7xx_HAL_Driver/stm32h7xx_hal_adc.o
 .text.LL_ADC_IsDeepPowerDownEnabled
                0x080043b4       0x28 ./Drivers/STM32H7xx_HAL_Driver/stm32h7xx_hal_adc.o
 .text.LL_ADC_EnableInternalRegulator
                0x080043dc       0x28 ./Drivers/STM32H7xx_HAL_Driver/stm32h7xx_hal_adc.o
 .text.LL_ADC_IsInternalRegulatorEnabled
                0x08004404       0x28 ./Drivers/STM32H7xx_HAL_Driver/stm32h7xx_hal_adc.o
 .text.LL_ADC_Enable
                0x0800442c       0x28 ./Drivers/STM32H7xx_HAL_Driver/stm32h7xx_hal_adc.o
 .text.LL_ADC_Disable
                0x08004454       0x28 ./Drivers/STM32H7xx_HAL_Driver/stm32h7xx_hal_adc.o
 .text.LL_ADC_IsEnabled
                0x0800447c       0x26 ./Drivers/STM32H7xx_HAL_Driver/stm32h7xx_hal_adc.o
 .text.LL_ADC_IsDisableOngoing
                0x080044a2       0x26 ./Drivers/STM32H7xx_HAL_Driver/stm32h7xx_hal_adc.o
 .text.LL_ADC_REG_StartConversion
                0x080044c8       0x28 ./Drivers/STM32H7xx_HAL_Driver/stm32h7xx_hal_adc.o
 .text.LL_ADC_REG_StopConversion
                0x080044f0       0x28 ./Drivers/STM32H7xx_HAL_Driver/stm32h7xx_hal_adc.o
 .text.LL_ADC_REG_IsConversionOngoing
                0x08004518       0x26 ./Drivers/STM32H7xx_HAL_Driver/stm32h7xx_hal_adc.o
 *fill*         0x0800453e        0x2 
 .text.LL_ADC_INJ_StopConversion
                0x08004540       0x28 ./Drivers/STM32H7xx_HAL_Driver/stm32h7xx_hal_adc.o
 .text.LL_ADC_INJ_IsConversionOngoing
                0x08004568       0x26 ./Drivers/STM32H7xx_HAL_Driver/stm32h7xx_hal_adc.o
 *fill*         0x0800458e        0x2 
 .text.HAL_ADC_Init
                0x08004590      0x344 ./Drivers/STM32H7xx_HAL_Driver/stm32h7xx_hal_adc.o
                0x08004590                HAL_ADC_Init
 .text.HAL_ADC_Start
                0x080048d4      0x194 ./Drivers/STM32H7xx_HAL_Driver/stm32h7xx_hal_adc.o
                0x080048d4                HAL_ADC_Start
 .text.HAL_ADC_Stop
                0x08004a68       0x68 ./Drivers/STM32H7xx_HAL_Driver/stm32h7xx_hal_adc.o
                0x08004a68                HAL_ADC_Stop
 .text.HAL_ADC_PollForConversion
                0x08004ad0      0x1e8 ./Drivers/STM32H7xx_HAL_Driver/stm32h7xx_hal_adc.o
                0x08004ad0                HAL_ADC_PollForConversion
 .text.HAL_ADC_GetValue
                0x08004cb8       0x1a ./Drivers/STM32H7xx_HAL_Driver/stm32h7xx_hal_adc.o
                0x08004cb8                HAL_ADC_GetValue
 *fill*         0x08004cd2        0x2 
 .text.HAL_ADC_ConfigChannel
                0x08004cd4      0x5e0 ./Drivers/STM32H7xx_HAL_Driver/stm32h7xx_hal_adc.o
                0x08004cd4                HAL_ADC_ConfigChannel
 .text.ADC_ConversionStop
                0x080052b4      0x178 ./Drivers/STM32H7xx_HAL_Driver/stm32h7xx_hal_adc.o
                0x080052b4                ADC_ConversionStop
 .text.ADC_Enable
                0x0800542c      0x114 ./Drivers/STM32H7xx_HAL_Driver/stm32h7xx_hal_adc.o
                0x0800542c                ADC_Enable
 .text.ADC_Disable
                0x08005540       0xbe ./Drivers/STM32H7xx_HAL_Driver/stm32h7xx_hal_adc.o
                0x08005540                ADC_Disable
 *fill*         0x080055fe        0x2 
 .text.ADC_ConfigureBoostMode
                0x08005600      0x218 ./Drivers/STM32H7xx_HAL_Driver/stm32h7xx_hal_adc.o
                0x08005600                ADC_ConfigureBoostMode
 .text.LL_ADC_IsEnabled
                0x08005818       0x26 ./Drivers/STM32H7xx_HAL_Driver/stm32h7xx_hal_adc_ex.o
 .text.LL_ADC_REG_IsConversionOngoing
                0x0800583e       0x26 ./Drivers/STM32H7xx_HAL_Driver/stm32h7xx_hal_adc_ex.o
 .text.HAL_ADCEx_MultiModeConfigChannel
                0x08005864      0x1bc ./Drivers/STM32H7xx_HAL_Driver/stm32h7xx_hal_adc_ex.o
                0x08005864                HAL_ADCEx_MultiModeConfigChannel
 .text.__NVIC_SetPriorityGrouping
                0x08005a20       0x48 ./Drivers/STM32H7xx_HAL_Driver/stm32h7xx_hal_cortex.o
 .text.__NVIC_GetPriorityGrouping
                0x08005a68       0x1c ./Drivers/STM32H7xx_HAL_Driver/stm32h7xx_hal_cortex.o
 .text.__NVIC_EnableIRQ
                0x08005a84       0x3c ./Drivers/STM32H7xx_HAL_Driver/stm32h7xx_hal_cortex.o
 .text.__NVIC_SetPriority
                0x08005ac0       0x54 ./Drivers/STM32H7xx_HAL_Driver/stm32h7xx_hal_cortex.o
 .text.NVIC_EncodePriority
                0x08005b14       0x66 ./Drivers/STM32H7xx_HAL_Driver/stm32h7xx_hal_cortex.o
 *fill*         0x08005b7a        0x2 
 .text.SysTick_Config
                0x08005b7c       0x44 ./Drivers/STM32H7xx_HAL_Driver/stm32h7xx_hal_cortex.o
 .text.HAL_NVIC_SetPriorityGrouping
                0x08005bc0       0x16 ./Drivers/STM32H7xx_HAL_Driver/stm32h7xx_hal_cortex.o
                0x08005bc0                HAL_NVIC_SetPriorityGrouping
 .text.HAL_NVIC_SetPriority
                0x08005bd6       0x34 ./Drivers/STM32H7xx_HAL_Driver/stm32h7xx_hal_cortex.o
                0x08005bd6                HAL_NVIC_SetPriority
 .text.HAL_NVIC_EnableIRQ
                0x08005c0a       0x1c ./Drivers/STM32H7xx_HAL_Driver/stm32h7xx_hal_cortex.o
                0x08005c0a                HAL_NVIC_EnableIRQ
 .text.HAL_SYSTICK_Config
                0x08005c26       0x18 ./Drivers/STM32H7xx_HAL_Driver/stm32h7xx_hal_cortex.o
                0x08005c26                HAL_SYSTICK_Config
 *fill*         0x08005c3e        0x2 
 .text.HAL_GPIO_Init
                0x08005c40      0x360 ./Drivers/STM32H7xx_HAL_Driver/stm32h7xx_hal_gpio.o
                0x08005c40                HAL_GPIO_Init
 .text.HAL_GPIO_ReadPin
                0x08005fa0       0x30 ./Drivers/STM32H7xx_HAL_Driver/stm32h7xx_hal_gpio.o
                0x08005fa0                HAL_GPIO_ReadPin
 .text.HAL_GPIO_WritePin
                0x08005fd0       0x32 ./Drivers/STM32H7xx_HAL_Driver/stm32h7xx_hal_gpio.o
                0x08005fd0                HAL_GPIO_WritePin
 .text.HAL_GPIO_EXTI_IRQHandler
                0x08006002       0x34 ./Drivers/STM32H7xx_HAL_Driver/stm32h7xx_hal_gpio.o
                0x08006002                HAL_GPIO_EXTI_IRQHandler
 *fill*         0x08006036        0x2 
 .text.HAL_HSEM_FastTake
                0x08006038       0x34 ./Drivers/STM32H7xx_HAL_Driver/stm32h7xx_hal_hsem.o
                0x08006038                HAL_HSEM_FastTake
 .text.HAL_HSEM_Release
                0x0800606c       0x28 ./Drivers/STM32H7xx_HAL_Driver/stm32h7xx_hal_hsem.o
                0x0800606c                HAL_HSEM_Release
 .text.HAL_I2C_Init
                0x08006094      0x138 ./Drivers/STM32H7xx_HAL_Driver/stm32h7xx_hal_i2c.o
                0x08006094                HAL_I2C_Init
 .text.HAL_I2C_Master_Transmit
                0x080061cc      0x230 ./Drivers/STM32H7xx_HAL_Driver/stm32h7xx_hal_i2c.o
                0x080061cc                HAL_I2C_Master_Transmit
 .text.HAL_I2C_Master_Receive
                0x080063fc      0x1ec ./Drivers/STM32H7xx_HAL_Driver/stm32h7xx_hal_i2c.o
                0x080063fc                HAL_I2C_Master_Receive
 .text.I2C_Flush_TXDR
                0x080065e8       0x48 ./Drivers/STM32H7xx_HAL_Driver/stm32h7xx_hal_i2c.o
 .text.I2C_WaitOnFlagUntilTimeout
                0x08006630       0xb2 ./Drivers/STM32H7xx_HAL_Driver/stm32h7xx_hal_i2c.o
 .text.I2C_WaitOnTXISFlagUntilTimeout
                0x080066e2       0x8e ./Drivers/STM32H7xx_HAL_Driver/stm32h7xx_hal_i2c.o
 .text.I2C_WaitOnSTOPFlagUntilTimeout
                0x08006770       0x86 ./Drivers/STM32H7xx_HAL_Driver/stm32h7xx_hal_i2c.o
 *fill*         0x080067f6        0x2 
 .text.I2C_WaitOnRXNEFlagUntilTimeout
                0x080067f8      0x118 ./Drivers/STM32H7xx_HAL_Driver/stm32h7xx_hal_i2c.o
 .text.I2C_IsErrorOccurred
                0x08006910      0x1c0 ./Drivers/STM32H7xx_HAL_Driver/stm32h7xx_hal_i2c.o
 .text.I2C_TransferConfig
                0x08006ad0       0x64 ./Drivers/STM32H7xx_HAL_Driver/stm32h7xx_hal_i2c.o
 .text.HAL_I2CEx_ConfigAnalogFilter
                0x08006b34       0x96 ./Drivers/STM32H7xx_HAL_Driver/stm32h7xx_hal_i2c_ex.o
                0x08006b34                HAL_I2CEx_ConfigAnalogFilter
 .text.HAL_I2CEx_ConfigDigitalFilter
                0x08006bca       0x98 ./Drivers/STM32H7xx_HAL_Driver/stm32h7xx_hal_i2c_ex.o
                0x08006bca                HAL_I2CEx_ConfigDigitalFilter
 *fill*         0x08006c62        0x2 
 .text.HAL_PWREx_ConfigSupply
                0x08006c64       0xb4 ./Drivers/STM32H7xx_HAL_Driver/stm32h7xx_hal_pwr_ex.o
                0x08006c64                HAL_PWREx_ConfigSupply
 .text.HAL_RCC_OscConfig
                0x08006d18      0x8b4 ./Drivers/STM32H7xx_HAL_Driver/stm32h7xx_hal_rcc.o
                0x08006d18                HAL_RCC_OscConfig
 .text.HAL_RCC_ClockConfig
                0x080075cc      0x36c ./Drivers/STM32H7xx_HAL_Driver/stm32h7xx_hal_rcc.o
                0x080075cc                HAL_RCC_ClockConfig
 .text.HAL_RCC_GetSysClockFreq
                0x08007938      0x2f4 ./Drivers/STM32H7xx_HAL_Driver/stm32h7xx_hal_rcc.o
                0x08007938                HAL_RCC_GetSysClockFreq
 .text.HAL_RCC_GetHCLKFreq
                0x08007c2c       0x60 ./Drivers/STM32H7xx_HAL_Driver/stm32h7xx_hal_rcc.o
                0x08007c2c                HAL_RCC_GetHCLKFreq
 .text.HAL_RCC_GetPCLK1Freq
                0x08007c8c       0x2c ./Drivers/STM32H7xx_HAL_Driver/stm32h7xx_hal_rcc.o
                0x08007c8c                HAL_RCC_GetPCLK1Freq
 .text.HAL_RCC_GetPCLK2Freq
                0x08007cb8       0x2c ./Drivers/STM32H7xx_HAL_Driver/stm32h7xx_hal_rcc.o
                0x08007cb8                HAL_RCC_GetPCLK2Freq
 .text.HAL_RCCEx_PeriphCLKConfig
                0x08007ce4     0x1414 ./Drivers/STM32H7xx_HAL_Driver/stm32h7xx_hal_rcc_ex.o
                0x08007ce4                HAL_RCCEx_PeriphCLKConfig
 .text.HAL_RCCEx_GetPeriphCLKFreq
                0x080090f8      0xb00 ./Drivers/STM32H7xx_HAL_Driver/stm32h7xx_hal_rcc_ex.o
                0x080090f8                HAL_RCCEx_GetPeriphCLKFreq
 .text.HAL_RCCEx_GetD3PCLK1Freq
                0x08009bf8       0x2c ./Drivers/STM32H7xx_HAL_Driver/stm32h7xx_hal_rcc_ex.o
                0x08009bf8                HAL_RCCEx_GetD3PCLK1Freq
 .text.HAL_RCCEx_GetPLL2ClockFreq
                0x08009c24      0x2a8 ./Drivers/STM32H7xx_HAL_Driver/stm32h7xx_hal_rcc_ex.o
                0x08009c24                HAL_RCCEx_GetPLL2ClockFreq
 .text.HAL_RCCEx_GetPLL3ClockFreq
                0x08009ecc      0x2a8 ./Drivers/STM32H7xx_HAL_Driver/stm32h7xx_hal_rcc_ex.o
                0x08009ecc                HAL_RCCEx_GetPLL3ClockFreq
 .text.HAL_RCCEx_GetPLL1ClockFreq
                0x0800a174      0x2a4 ./Drivers/STM32H7xx_HAL_Driver/stm32h7xx_hal_rcc_ex.o
                0x0800a174                HAL_RCCEx_GetPLL1ClockFreq
 .text.RCCEx_PLL2_Config
                0x0800a418      0x164 ./Drivers/STM32H7xx_HAL_Driver/stm32h7xx_hal_rcc_ex.o
 .text.RCCEx_PLL3_Config
                0x0800a57c      0x164 ./Drivers/STM32H7xx_HAL_Driver/stm32h7xx_hal_rcc_ex.o
 .text.HAL_UART_Init
                0x0800a6e0       0xa0 ./Drivers/STM32H7xx_HAL_Driver/stm32h7xx_hal_uart.o
                0x0800a6e0                HAL_UART_Init
 .text.HAL_UART_Transmit
                0x0800a780      0x11c ./Drivers/STM32H7xx_HAL_Driver/stm32h7xx_hal_uart.o
                0x0800a780                HAL_UART_Transmit
 .text.HAL_UART_Receive
                0x0800a89c      0x190 ./Drivers/STM32H7xx_HAL_Driver/stm32h7xx_hal_uart.o
                0x0800a89c                HAL_UART_Receive
 .text.UART_SetConfig
                0x0800aa2c      0xad0 ./Drivers/STM32H7xx_HAL_Driver/stm32h7xx_hal_uart.o
                0x0800aa2c                UART_SetConfig
 .text.UART_AdvFeatureConfig
                0x0800b4fc      0x144 ./Drivers/STM32H7xx_HAL_Driver/stm32h7xx_hal_uart.o
                0x0800b4fc                UART_AdvFeatureConfig
 .text.UART_CheckIdleState
                0x0800b640      0x154 ./Drivers/STM32H7xx_HAL_Driver/stm32h7xx_hal_uart.o
                0x0800b640                UART_CheckIdleState
 .text.UART_WaitOnFlagUntilTimeout
                0x0800b794       0xda ./Drivers/STM32H7xx_HAL_Driver/stm32h7xx_hal_uart.o
                0x0800b794                UART_WaitOnFlagUntilTimeout
 *fill*         0x0800b86e        0x2 
 .text.UART_EndRxTransfer
                0x0800b870       0xcc ./Drivers/STM32H7xx_HAL_Driver/stm32h7xx_hal_uart.o
 .text.HAL_UARTEx_DisableFifoMode
                0x0800b93c       0x72 ./Drivers/STM32H7xx_HAL_Driver/stm32h7xx_hal_uart_ex.o
                0x0800b93c                HAL_UARTEx_DisableFifoMode
 .text.HAL_UARTEx_SetTxFifoThreshold
                0x0800b9ae       0x7c ./Drivers/STM32H7xx_HAL_Driver/stm32h7xx_hal_uart_ex.o
                0x0800b9ae                HAL_UARTEx_SetTxFifoThreshold
 .text.HAL_UARTEx_SetRxFifoThreshold
                0x0800ba2a       0x7c ./Drivers/STM32H7xx_HAL_Driver/stm32h7xx_hal_uart_ex.o
                0x0800ba2a                HAL_UARTEx_SetRxFifoThreshold
 *fill*         0x0800baa6        0x2 
 .text.UARTEx_SetNbDataToProcess
                0x0800baa8       0x9c ./Drivers/STM32H7xx_HAL_Driver/stm32h7xx_hal_uart_ex.o
 .text.__cvt    0x0800bb44       0xa8 C:/ST/STM32CubeIDE_1.16.1/STM32CubeIDE/plugins/com.st.stm32cube.ide.mcu.externaltools.gnu-tools-for-stm32.13.3.rel1.win32_1.0.0.202411081344/tools/bin/../lib/gcc/arm-none-eabi/13.3.1/../../../../arm-none-eabi/lib/thumb/v7e-m+dp/hard\libc_nano.a(libc_a-nano-vfprintf_float.o)
                0x0800bb44                __cvt
 .text.__exponent
                0x0800bbec       0x74 C:/ST/STM32CubeIDE_1.16.1/STM32CubeIDE/plugins/com.st.stm32cube.ide.mcu.externaltools.gnu-tools-for-stm32.13.3.rel1.win32_1.0.0.202411081344/tools/bin/../lib/gcc/arm-none-eabi/13.3.1/../../../../arm-none-eabi/lib/thumb/v7e-m+dp/hard\libc_nano.a(libc_a-nano-vfprintf_float.o)
                0x0800bbec                __exponent
 .text._printf_float
                0x0800bc60      0x434 C:/ST/STM32CubeIDE_1.16.1/STM32CubeIDE/plugins/com.st.stm32cube.ide.mcu.externaltools.gnu-tools-for-stm32.13.3.rel1.win32_1.0.0.202411081344/tools/bin/../lib/gcc/arm-none-eabi/13.3.1/../../../../arm-none-eabi/lib/thumb/v7e-m+dp/hard\libc_nano.a(libc_a-nano-vfprintf_float.o)
                0x0800bc60                _printf_float
 .text._printf_common
                0x0800c094       0xda C:/ST/STM32CubeIDE_1.16.1/STM32CubeIDE/plugins/com.st.stm32cube.ide.mcu.externaltools.gnu-tools-for-stm32.13.3.rel1.win32_1.0.0.202411081344/tools/bin/../lib/gcc/arm-none-eabi/13.3.1/../../../../arm-none-eabi/lib/thumb/v7e-m+dp/hard\libc_nano.a(libc_a-nano-vfprintf_i.o)
                0x0800c094                _printf_common
 *fill*         0x0800c16e        0x2 
 .text._printf_i
                0x0800c170      0x23c C:/ST/STM32CubeIDE_1.16.1/STM32CubeIDE/plugins/com.st.stm32cube.ide.mcu.externaltools.gnu-tools-for-stm32.13.3.rel1.win32_1.0.0.202411081344/tools/bin/../lib/gcc/arm-none-eabi/13.3.1/../../../../arm-none-eabi/lib/thumb/v7e-m+dp/hard\libc_nano.a(libc_a-nano-vfprintf_i.o)
                0x0800c170                _printf_i
 .text.std      0x0800c3ac       0x6c C:/ST/STM32CubeIDE_1.16.1/STM32CubeIDE/plugins/com.st.stm32cube.ide.mcu.externaltools.gnu-tools-for-stm32.13.3.rel1.win32_1.0.0.202411081344/tools/bin/../lib/gcc/arm-none-eabi/13.3.1/../../../../arm-none-eabi/lib/thumb/v7e-m+dp/hard\libc_nano.a(libc_a-findfp.o)
 .text.stdio_exit_handler
                0x0800c418       0x18 C:/ST/STM32CubeIDE_1.16.1/STM32CubeIDE/plugins/com.st.stm32cube.ide.mcu.externaltools.gnu-tools-for-stm32.13.3.rel1.win32_1.0.0.202411081344/tools/bin/../lib/gcc/arm-none-eabi/13.3.1/../../../../arm-none-eabi/lib/thumb/v7e-m+dp/hard\libc_nano.a(libc_a-findfp.o)
 .text.cleanup_stdio
                0x0800c430       0x40 C:/ST/STM32CubeIDE_1.16.1/STM32CubeIDE/plugins/com.st.stm32cube.ide.mcu.externaltools.gnu-tools-for-stm32.13.3.rel1.win32_1.0.0.202411081344/tools/bin/../lib/gcc/arm-none-eabi/13.3.1/../../../../arm-none-eabi/lib/thumb/v7e-m+dp/hard\libc_nano.a(libc_a-findfp.o)
 .text.global_stdio_init.part.0
                0x0800c470       0x3c C:/ST/STM32CubeIDE_1.16.1/STM32CubeIDE/plugins/com.st.stm32cube.ide.mcu.externaltools.gnu-tools-for-stm32.13.3.rel1.win32_1.0.0.202411081344/tools/bin/../lib/gcc/arm-none-eabi/13.3.1/../../../../arm-none-eabi/lib/thumb/v7e-m+dp/hard\libc_nano.a(libc_a-findfp.o)
 .text.__sfp_lock_acquire
                0x0800c4ac        0xc C:/ST/STM32CubeIDE_1.16.1/STM32CubeIDE/plugins/com.st.stm32cube.ide.mcu.externaltools.gnu-tools-for-stm32.13.3.rel1.win32_1.0.0.202411081344/tools/bin/../lib/gcc/arm-none-eabi/13.3.1/../../../../arm-none-eabi/lib/thumb/v7e-m+dp/hard\libc_nano.a(libc_a-findfp.o)
                0x0800c4ac                __sfp_lock_acquire
 .text.__sfp_lock_release
                0x0800c4b8        0xc C:/ST/STM32CubeIDE_1.16.1/STM32CubeIDE/plugins/com.st.stm32cube.ide.mcu.externaltools.gnu-tools-for-stm32.13.3.rel1.win32_1.0.0.202411081344/tools/bin/../lib/gcc/arm-none-eabi/13.3.1/../../../../arm-none-eabi/lib/thumb/v7e-m+dp/hard\libc_nano.a(libc_a-findfp.o)
                0x0800c4b8                __sfp_lock_release
 .text.__sinit  0x0800c4c4       0x30 C:/ST/STM32CubeIDE_1.16.1/STM32CubeIDE/plugins/com.st.stm32cube.ide.mcu.externaltools.gnu-tools-for-stm32.13.3.rel1.win32_1.0.0.202411081344/tools/bin/../lib/gcc/arm-none-eabi/13.3.1/../../../../arm-none-eabi/lib/thumb/v7e-m+dp/hard\libc_nano.a(libc_a-findfp.o)
                0x0800c4c4                __sinit
 .text._fwalk_sglue
                0x0800c4f4       0x3c C:/ST/STM32CubeIDE_1.16.1/STM32CubeIDE/plugins/com.st.stm32cube.ide.mcu.externaltools.gnu-tools-for-stm32.13.3.rel1.win32_1.0.0.202411081344/tools/bin/../lib/gcc/arm-none-eabi/13.3.1/../../../../arm-none-eabi/lib/thumb/v7e-m+dp/hard\libc_nano.a(libc_a-fwalk.o)
                0x0800c4f4                _fwalk_sglue
 .text.printf   0x0800c530       0x24 C:/ST/STM32CubeIDE_1.16.1/STM32CubeIDE/plugins/com.st.stm32cube.ide.mcu.externaltools.gnu-tools-for-stm32.13.3.rel1.win32_1.0.0.202411081344/tools/bin/../lib/gcc/arm-none-eabi/13.3.1/../../../../arm-none-eabi/lib/thumb/v7e-m+dp/hard\libc_nano.a(libc_a-printf.o)
                0x0800c530                iprintf
                0x0800c530                printf
 .text.__sread  0x0800c554       0x22 C:/ST/STM32CubeIDE_1.16.1/STM32CubeIDE/plugins/com.st.stm32cube.ide.mcu.externaltools.gnu-tools-for-stm32.13.3.rel1.win32_1.0.0.202411081344/tools/bin/../lib/gcc/arm-none-eabi/13.3.1/../../../../arm-none-eabi/lib/thumb/v7e-m+dp/hard\libc_nano.a(libc_a-stdio.o)
                0x0800c554                __sread
 .text.__swrite
                0x0800c576       0x38 C:/ST/STM32CubeIDE_1.16.1/STM32CubeIDE/plugins/com.st.stm32cube.ide.mcu.externaltools.gnu-tools-for-stm32.13.3.rel1.win32_1.0.0.202411081344/tools/bin/../lib/gcc/arm-none-eabi/13.3.1/../../../../arm-none-eabi/lib/thumb/v7e-m+dp/hard\libc_nano.a(libc_a-stdio.o)
                0x0800c576                __swrite
 .text.__sseek  0x0800c5ae       0x24 C:/ST/STM32CubeIDE_1.16.1/STM32CubeIDE/plugins/com.st.stm32cube.ide.mcu.externaltools.gnu-tools-for-stm32.13.3.rel1.win32_1.0.0.202411081344/tools/bin/../lib/gcc/arm-none-eabi/13.3.1/../../../../arm-none-eabi/lib/thumb/v7e-m+dp/hard\libc_nano.a(libc_a-stdio.o)
                0x0800c5ae                __sseek
 .text.__sclose
                0x0800c5d2        0x8 C:/ST/STM32CubeIDE_1.16.1/STM32CubeIDE/plugins/com.st.stm32cube.ide.mcu.externaltools.gnu-tools-for-stm32.13.3.rel1.win32_1.0.0.202411081344/tools/bin/../lib/gcc/arm-none-eabi/13.3.1/../../../../arm-none-eabi/lib/thumb/v7e-m+dp/hard\libc_nano.a(libc_a-stdio.o)
                0x0800c5d2                __sclose
 .text.memset   0x0800c5da       0x10 C:/ST/STM32CubeIDE_1.16.1/STM32CubeIDE/plugins/com.st.stm32cube.ide.mcu.externaltools.gnu-tools-for-stm32.13.3.rel1.win32_1.0.0.202411081344/tools/bin/../lib/gcc/arm-none-eabi/13.3.1/../../../../arm-none-eabi/lib/thumb/v7e-m+dp/hard\libc_nano.a(libc_a-memset.o)
                0x0800c5da                memset
 *fill*         0x0800c5ea        0x2 
 .text._localeconv_r
                0x0800c5ec        0x8 C:/ST/STM32CubeIDE_1.16.1/STM32CubeIDE/plugins/com.st.stm32cube.ide.mcu.externaltools.gnu-tools-for-stm32.13.3.rel1.win32_1.0.0.202411081344/tools/bin/../lib/gcc/arm-none-eabi/13.3.1/../../../../arm-none-eabi/lib/thumb/v7e-m+dp/hard\libc_nano.a(libc_a-localeconv.o)
                0x0800c5ec                _localeconv_r
 .text._close_r
                0x0800c5f4       0x20 C:/ST/STM32CubeIDE_1.16.1/STM32CubeIDE/plugins/com.st.stm32cube.ide.mcu.externaltools.gnu-tools-for-stm32.13.3.rel1.win32_1.0.0.202411081344/tools/bin/../lib/gcc/arm-none-eabi/13.3.1/../../../../arm-none-eabi/lib/thumb/v7e-m+dp/hard\libc_nano.a(libc_a-closer.o)
                0x0800c5f4                _close_r
 .text._lseek_r
                0x0800c614       0x24 C:/ST/STM32CubeIDE_1.16.1/STM32CubeIDE/plugins/com.st.stm32cube.ide.mcu.externaltools.gnu-tools-for-stm32.13.3.rel1.win32_1.0.0.202411081344/tools/bin/../lib/gcc/arm-none-eabi/13.3.1/../../../../arm-none-eabi/lib/thumb/v7e-m+dp/hard\libc_nano.a(libc_a-lseekr.o)
                0x0800c614                _lseek_r
 .text._read_r  0x0800c638       0x24 C:/ST/STM32CubeIDE_1.16.1/STM32CubeIDE/plugins/com.st.stm32cube.ide.mcu.externaltools.gnu-tools-for-stm32.13.3.rel1.win32_1.0.0.202411081344/tools/bin/../lib/gcc/arm-none-eabi/13.3.1/../../../../arm-none-eabi/lib/thumb/v7e-m+dp/hard\libc_nano.a(libc_a-readr.o)
                0x0800c638                _read_r
 .text._write_r
                0x0800c65c       0x24 C:/ST/STM32CubeIDE_1.16.1/STM32CubeIDE/plugins/com.st.stm32cube.ide.mcu.externaltools.gnu-tools-for-stm32.13.3.rel1.win32_1.0.0.202411081344/tools/bin/../lib/gcc/arm-none-eabi/13.3.1/../../../../arm-none-eabi/lib/thumb/v7e-m+dp/hard\libc_nano.a(libc_a-writer.o)
                0x0800c65c                _write_r
 .text.__errno  0x0800c680        0xc C:/ST/STM32CubeIDE_1.16.1/STM32CubeIDE/plugins/com.st.stm32cube.ide.mcu.externaltools.gnu-tools-for-stm32.13.3.rel1.win32_1.0.0.202411081344/tools/bin/../lib/gcc/arm-none-eabi/13.3.1/../../../../arm-none-eabi/lib/thumb/v7e-m+dp/hard\libc_nano.a(libc_a-errno.o)
                0x0800c680                __errno
 .text.__libc_init_array
                0x0800c68c       0x48 C:/ST/STM32CubeIDE_1.16.1/STM32CubeIDE/plugins/com.st.stm32cube.ide.mcu.externaltools.gnu-tools-for-stm32.13.3.rel1.win32_1.0.0.202411081344/tools/bin/../lib/gcc/arm-none-eabi/13.3.1/../../../../arm-none-eabi/lib/thumb/v7e-m+dp/hard\libc_nano.a(libc_a-init.o)
                0x0800c68c                __libc_init_array
 .text.__retarget_lock_init_recursive
                0x0800c6d4        0x2 C:/ST/STM32CubeIDE_1.16.1/STM32CubeIDE/plugins/com.st.stm32cube.ide.mcu.externaltools.gnu-tools-for-stm32.13.3.rel1.win32_1.0.0.202411081344/tools/bin/../lib/gcc/arm-none-eabi/13.3.1/../../../../arm-none-eabi/lib/thumb/v7e-m+dp/hard\libc_nano.a(libc_a-lock.o)
                0x0800c6d4                __retarget_lock_init_recursive
 .text.__retarget_lock_acquire_recursive
                0x0800c6d6        0x2 C:/ST/STM32CubeIDE_1.16.1/STM32CubeIDE/plugins/com.st.stm32cube.ide.mcu.externaltools.gnu-tools-for-stm32.13.3.rel1.win32_1.0.0.202411081344/tools/bin/../lib/gcc/arm-none-eabi/13.3.1/../../../../arm-none-eabi/lib/thumb/v7e-m+dp/hard\libc_nano.a(libc_a-lock.o)
                0x0800c6d6                __retarget_lock_acquire_recursive
 .text.__retarget_lock_release_recursive
                0x0800c6d8        0x2 C:/ST/STM32CubeIDE_1.16.1/STM32CubeIDE/plugins/com.st.stm32cube.ide.mcu.externaltools.gnu-tools-for-stm32.13.3.rel1.win32_1.0.0.202411081344/tools/bin/../lib/gcc/arm-none-eabi/13.3.1/../../../../arm-none-eabi/lib/thumb/v7e-m+dp/hard\libc_nano.a(libc_a-lock.o)
                0x0800c6d8                __retarget_lock_release_recursive
 .text.memcpy   0x0800c6da       0x1c C:/ST/STM32CubeIDE_1.16.1/STM32CubeIDE/plugins/com.st.stm32cube.ide.mcu.externaltools.gnu-tools-for-stm32.13.3.rel1.win32_1.0.0.202411081344/tools/bin/../lib/gcc/arm-none-eabi/13.3.1/../../../../arm-none-eabi/lib/thumb/v7e-m+dp/hard\libc_nano.a(libc_a-memcpy-stub.o)
                0x0800c6da                memcpy
 .text.quorem   0x0800c6f6      0x110 C:/ST/STM32CubeIDE_1.16.1/STM32CubeIDE/plugins/com.st.stm32cube.ide.mcu.externaltools.gnu-tools-for-stm32.13.3.rel1.win32_1.0.0.202411081344/tools/bin/../lib/gcc/arm-none-eabi/13.3.1/../../../../arm-none-eabi/lib/thumb/v7e-m+dp/hard\libc_nano.a(libc_a-dtoa.o)
 *fill*         0x0800c806        0x2 
 .text._dtoa_r  0x0800c808      0xabc C:/ST/STM32CubeIDE_1.16.1/STM32CubeIDE/plugins/com.st.stm32cube.ide.mcu.externaltools.gnu-tools-for-stm32.13.3.rel1.win32_1.0.0.202411081344/tools/bin/../lib/gcc/arm-none-eabi/13.3.1/../../../../arm-none-eabi/lib/thumb/v7e-m+dp/hard\libc_nano.a(libc_a-dtoa.o)
                0x0800c808                _dtoa_r
 .text._free_r  0x0800d2c4       0x94 C:/ST/STM32CubeIDE_1.16.1/STM32CubeIDE/plugins/com.st.stm32cube.ide.mcu.externaltools.gnu-tools-for-stm32.13.3.rel1.win32_1.0.0.202411081344/tools/bin/../lib/gcc/arm-none-eabi/13.3.1/../../../../arm-none-eabi/lib/thumb/v7e-m+dp/hard\libc_nano.a(libc_a-freer.o)
                0x0800d2c4                _free_r
 .text.malloc   0x0800d358       0x10 C:/ST/STM32CubeIDE_1.16.1/STM32CubeIDE/plugins/com.st.stm32cube.ide.mcu.externaltools.gnu-tools-for-stm32.13.3.rel1.win32_1.0.0.202411081344/tools/bin/../lib/gcc/arm-none-eabi/13.3.1/../../../../arm-none-eabi/lib/thumb/v7e-m+dp/hard\libc_nano.a(libc_a-malloc.o)
                0x0800d358                malloc
 .text.sbrk_aligned
                0x0800d368       0x44 C:/ST/STM32CubeIDE_1.16.1/STM32CubeIDE/plugins/com.st.stm32cube.ide.mcu.externaltools.gnu-tools-for-stm32.13.3.rel1.win32_1.0.0.202411081344/tools/bin/../lib/gcc/arm-none-eabi/13.3.1/../../../../arm-none-eabi/lib/thumb/v7e-m+dp/hard\libc_nano.a(libc_a-mallocr.o)
 .text._malloc_r
                0x0800d3ac      0x100 C:/ST/STM32CubeIDE_1.16.1/STM32CubeIDE/plugins/com.st.stm32cube.ide.mcu.externaltools.gnu-tools-for-stm32.13.3.rel1.win32_1.0.0.202411081344/tools/bin/../lib/gcc/arm-none-eabi/13.3.1/../../../../arm-none-eabi/lib/thumb/v7e-m+dp/hard\libc_nano.a(libc_a-mallocr.o)
                0x0800d3ac                _malloc_r
 .text.__malloc_lock
                0x0800d4ac        0xc C:/ST/STM32CubeIDE_1.16.1/STM32CubeIDE/plugins/com.st.stm32cube.ide.mcu.externaltools.gnu-tools-for-stm32.13.3.rel1.win32_1.0.0.202411081344/tools/bin/../lib/gcc/arm-none-eabi/13.3.1/../../../../arm-none-eabi/lib/thumb/v7e-m+dp/hard\libc_nano.a(libc_a-mlock.o)
                0x0800d4ac                __malloc_lock
 .text.__malloc_unlock
                0x0800d4b8        0xc C:/ST/STM32CubeIDE_1.16.1/STM32CubeIDE/plugins/com.st.stm32cube.ide.mcu.externaltools.gnu-tools-for-stm32.13.3.rel1.win32_1.0.0.202411081344/tools/bin/../lib/gcc/arm-none-eabi/13.3.1/../../../../arm-none-eabi/lib/thumb/v7e-m+dp/hard\libc_nano.a(libc_a-mlock.o)
                0x0800d4b8                __malloc_unlock
 .text._Balloc  0x0800d4c4       0x80 C:/ST/STM32CubeIDE_1.16.1/STM32CubeIDE/plugins/com.st.stm32cube.ide.mcu.externaltools.gnu-tools-for-stm32.13.3.rel1.win32_1.0.0.202411081344/tools/bin/../lib/gcc/arm-none-eabi/13.3.1/../../../../arm-none-eabi/lib/thumb/v7e-m+dp/hard\libc_nano.a(libc_a-mprec.o)
                0x0800d4c4                _Balloc
 .text._Bfree   0x0800d544       0x44 C:/ST/STM32CubeIDE_1.16.1/STM32CubeIDE/plugins/com.st.stm32cube.ide.mcu.externaltools.gnu-tools-for-stm32.13.3.rel1.win32_1.0.0.202411081344/tools/bin/../lib/gcc/arm-none-eabi/13.3.1/../../../../arm-none-eabi/lib/thumb/v7e-m+dp/hard\libc_nano.a(libc_a-mprec.o)
                0x0800d544                _Bfree
 .text.__multadd
                0x0800d588       0x8c C:/ST/STM32CubeIDE_1.16.1/STM32CubeIDE/plugins/com.st.stm32cube.ide.mcu.externaltools.gnu-tools-for-stm32.13.3.rel1.win32_1.0.0.202411081344/tools/bin/../lib/gcc/arm-none-eabi/13.3.1/../../../../arm-none-eabi/lib/thumb/v7e-m+dp/hard\libc_nano.a(libc_a-mprec.o)
                0x0800d588                __multadd
 .text.__hi0bits
                0x0800d614       0x3e C:/ST/STM32CubeIDE_1.16.1/STM32CubeIDE/plugins/com.st.stm32cube.ide.mcu.externaltools.gnu-tools-for-stm32.13.3.rel1.win32_1.0.0.202411081344/tools/bin/../lib/gcc/arm-none-eabi/13.3.1/../../../../arm-none-eabi/lib/thumb/v7e-m+dp/hard\libc_nano.a(libc_a-mprec.o)
                0x0800d614                __hi0bits
 .text.__lo0bits
                0x0800d652       0x5a C:/ST/STM32CubeIDE_1.16.1/STM32CubeIDE/plugins/com.st.stm32cube.ide.mcu.externaltools.gnu-tools-for-stm32.13.3.rel1.win32_1.0.0.202411081344/tools/bin/../lib/gcc/arm-none-eabi/13.3.1/../../../../arm-none-eabi/lib/thumb/v7e-m+dp/hard\libc_nano.a(libc_a-mprec.o)
                0x0800d652                __lo0bits
 .text.__i2b    0x0800d6ac       0x2c C:/ST/STM32CubeIDE_1.16.1/STM32CubeIDE/plugins/com.st.stm32cube.ide.mcu.externaltools.gnu-tools-for-stm32.13.3.rel1.win32_1.0.0.202411081344/tools/bin/../lib/gcc/arm-none-eabi/13.3.1/../../../../arm-none-eabi/lib/thumb/v7e-m+dp/hard\libc_nano.a(libc_a-mprec.o)
                0x0800d6ac                __i2b
 .text.__multiply
                0x0800d6d8      0x144 C:/ST/STM32CubeIDE_1.16.1/STM32CubeIDE/plugins/com.st.stm32cube.ide.mcu.externaltools.gnu-tools-for-stm32.13.3.rel1.win32_1.0.0.202411081344/tools/bin/../lib/gcc/arm-none-eabi/13.3.1/../../../../arm-none-eabi/lib/thumb/v7e-m+dp/hard\libc_nano.a(libc_a-mprec.o)
                0x0800d6d8                __multiply
 .text.__pow5mult
                0x0800d81c       0xb4 C:/ST/STM32CubeIDE_1.16.1/STM32CubeIDE/plugins/com.st.stm32cube.ide.mcu.externaltools.gnu-tools-for-stm32.13.3.rel1.win32_1.0.0.202411081344/tools/bin/../lib/gcc/arm-none-eabi/13.3.1/../../../../arm-none-eabi/lib/thumb/v7e-m+dp/hard\libc_nano.a(libc_a-mprec.o)
                0x0800d81c                __pow5mult
 .text.__lshift
                0x0800d8d0       0xd8 C:/ST/STM32CubeIDE_1.16.1/STM32CubeIDE/plugins/com.st.stm32cube.ide.mcu.externaltools.gnu-tools-for-stm32.13.3.rel1.win32_1.0.0.202411081344/tools/bin/../lib/gcc/arm-none-eabi/13.3.1/../../../../arm-none-eabi/lib/thumb/v7e-m+dp/hard\libc_nano.a(libc_a-mprec.o)
                0x0800d8d0                __lshift
 .text.__mcmp   0x0800d9a8       0x36 C:/ST/STM32CubeIDE_1.16.1/STM32CubeIDE/plugins/com.st.stm32cube.ide.mcu.externaltools.gnu-tools-for-stm32.13.3.rel1.win32_1.0.0.202411081344/tools/bin/../lib/gcc/arm-none-eabi/13.3.1/../../../../arm-none-eabi/lib/thumb/v7e-m+dp/hard\libc_nano.a(libc_a-mprec.o)
                0x0800d9a8                __mcmp
 *fill*         0x0800d9de        0x2 
 .text.__mdiff  0x0800d9e0      0x128 C:/ST/STM32CubeIDE_1.16.1/STM32CubeIDE/plugins/com.st.stm32cube.ide.mcu.externaltools.gnu-tools-for-stm32.13.3.rel1.win32_1.0.0.202411081344/tools/bin/../lib/gcc/arm-none-eabi/13.3.1/../../../../arm-none-eabi/lib/thumb/v7e-m+dp/hard\libc_nano.a(libc_a-mprec.o)
                0x0800d9e0                __mdiff
 .text.__d2b    0x0800db08       0xb0 C:/ST/STM32CubeIDE_1.16.1/STM32CubeIDE/plugins/com.st.stm32cube.ide.mcu.externaltools.gnu-tools-for-stm32.13.3.rel1.win32_1.0.0.202411081344/tools/bin/../lib/gcc/arm-none-eabi/13.3.1/../../../../arm-none-eabi/lib/thumb/v7e-m+dp/hard\libc_nano.a(libc_a-mprec.o)
                0x0800db08                __d2b
 .text.__sfputc_r
                0x0800dbb8       0x2e C:/ST/STM32CubeIDE_1.16.1/STM32CubeIDE/plugins/com.st.stm32cube.ide.mcu.externaltools.gnu-tools-for-stm32.13.3.rel1.win32_1.0.0.202411081344/tools/bin/../lib/gcc/arm-none-eabi/13.3.1/../../../../arm-none-eabi/lib/thumb/v7e-m+dp/hard\libc_nano.a(libc_a-nano-vfprintf.o)
 .text.__sfputs_r
                0x0800dbe6       0x24 C:/ST/STM32CubeIDE_1.16.1/STM32CubeIDE/plugins/com.st.stm32cube.ide.mcu.externaltools.gnu-tools-for-stm32.13.3.rel1.win32_1.0.0.202411081344/tools/bin/../lib/gcc/arm-none-eabi/13.3.1/../../../../arm-none-eabi/lib/thumb/v7e-m+dp/hard\libc_nano.a(libc_a-nano-vfprintf.o)
                0x0800dbe6                __sfputs_r
 *fill*         0x0800dc0a        0x2 
 .text._vfprintf_r
                0x0800dc0c      0x230 C:/ST/STM32CubeIDE_1.16.1/STM32CubeIDE/plugins/com.st.stm32cube.ide.mcu.externaltools.gnu-tools-for-stm32.13.3.rel1.win32_1.0.0.202411081344/tools/bin/../lib/gcc/arm-none-eabi/13.3.1/../../../../arm-none-eabi/lib/thumb/v7e-m+dp/hard\libc_nano.a(libc_a-nano-vfprintf.o)
                0x0800dc0c                _vfprintf_r
                0x0800dc0c                _vfiprintf_r
 .text.__sflush_r
                0x0800de3c      0x108 C:/ST/STM32CubeIDE_1.16.1/STM32CubeIDE/plugins/com.st.stm32cube.ide.mcu.externaltools.gnu-tools-for-stm32.13.3.rel1.win32_1.0.0.202411081344/tools/bin/../lib/gcc/arm-none-eabi/13.3.1/../../../../arm-none-eabi/lib/thumb/v7e-m+dp/hard\libc_nano.a(libc_a-fflush.o)
                0x0800de3c                __sflush_r
 .text._fflush_r
                0x0800df44       0x50 C:/ST/STM32CubeIDE_1.16.1/STM32CubeIDE/plugins/com.st.stm32cube.ide.mcu.externaltools.gnu-tools-for-stm32.13.3.rel1.win32_1.0.0.202411081344/tools/bin/../lib/gcc/arm-none-eabi/13.3.1/../../../../arm-none-eabi/lib/thumb/v7e-m+dp/hard\libc_nano.a(libc_a-fflush.o)
                0x0800df44                _fflush_r
 .text.__swbuf_r
                0x0800df94       0x7c C:/ST/STM32CubeIDE_1.16.1/STM32CubeIDE/plugins/com.st.stm32cube.ide.mcu.externaltools.gnu-tools-for-stm32.13.3.rel1.win32_1.0.0.202411081344/tools/bin/../lib/gcc/arm-none-eabi/13.3.1/../../../../arm-none-eabi/lib/thumb/v7e-m+dp/hard\libc_nano.a(libc_a-wbuf.o)
                0x0800df94                __swbuf_r
 .text.__swsetup_r
                0x0800e010       0xac C:/ST/STM32CubeIDE_1.16.1/STM32CubeIDE/plugins/com.st.stm32cube.ide.mcu.externaltools.gnu-tools-for-stm32.13.3.rel1.win32_1.0.0.202411081344/tools/bin/../lib/gcc/arm-none-eabi/13.3.1/../../../../arm-none-eabi/lib/thumb/v7e-m+dp/hard\libc_nano.a(libc_a-wsetup.o)
                0x0800e010                __swsetup_r
 .text._sbrk_r  0x0800e0bc       0x20 C:/ST/STM32CubeIDE_1.16.1/STM32CubeIDE/plugins/com.st.stm32cube.ide.mcu.externaltools.gnu-tools-for-stm32.13.3.rel1.win32_1.0.0.202411081344/tools/bin/../lib/gcc/arm-none-eabi/13.3.1/../../../../arm-none-eabi/lib/thumb/v7e-m+dp/hard\libc_nano.a(libc_a-sbrkr.o)
                0x0800e0bc                _sbrk_r
 .text.__assert_func
                0x0800e0dc       0x3c C:/ST/STM32CubeIDE_1.16.1/STM32CubeIDE/plugins/com.st.stm32cube.ide.mcu.externaltools.gnu-tools-for-stm32.13.3.rel1.win32_1.0.0.202411081344/tools/bin/../lib/gcc/arm-none-eabi/13.3.1/../../../../arm-none-eabi/lib/thumb/v7e-m+dp/hard\libc_nano.a(libc_a-assert.o)
                0x0800e0dc                __assert_func
 .text._calloc_r
                0x0800e118       0x28 C:/ST/STM32CubeIDE_1.16.1/STM32CubeIDE/plugins/com.st.stm32cube.ide.mcu.externaltools.gnu-tools-for-stm32.13.3.rel1.win32_1.0.0.202411081344/tools/bin/../lib/gcc/arm-none-eabi/13.3.1/../../../../arm-none-eabi/lib/thumb/v7e-m+dp/hard\libc_nano.a(libc_a-callocr.o)
                0x0800e118                _calloc_r
 .text.__ascii_mbtowc
                0x0800e140       0x24 C:/ST/STM32CubeIDE_1.16.1/STM32CubeIDE/plugins/com.st.stm32cube.ide.mcu.externaltools.gnu-tools-for-stm32.13.3.rel1.win32_1.0.0.202411081344/tools/bin/../lib/gcc/arm-none-eabi/13.3.1/../../../../arm-none-eabi/lib/thumb/v7e-m+dp/hard\libc_nano.a(libc_a-mbtowc_r.o)
                0x0800e140                __ascii_mbtowc
 .text.__ascii_wctomb
                0x0800e164       0x1a C:/ST/STM32CubeIDE_1.16.1/STM32CubeIDE/plugins/com.st.stm32cube.ide.mcu.externaltools.gnu-tools-for-stm32.13.3.rel1.win32_1.0.0.202411081344/tools/bin/../lib/gcc/arm-none-eabi/13.3.1/../../../../arm-none-eabi/lib/thumb/v7e-m+dp/hard\libc_nano.a(libc_a-wctomb_r.o)
                0x0800e164                __ascii_wctomb
 *fill*         0x0800e17e        0x2 
 .text.fprintf  0x0800e180       0x24 C:/ST/STM32CubeIDE_1.16.1/STM32CubeIDE/plugins/com.st.stm32cube.ide.mcu.externaltools.gnu-tools-for-stm32.13.3.rel1.win32_1.0.0.202411081344/tools/bin/../lib/gcc/arm-none-eabi/13.3.1/../../../../arm-none-eabi/lib/thumb/v7e-m+dp/hard\libc_nano.a(libc_a-fprintf.o)
                0x0800e180                fiprintf
                0x0800e180                fprintf
 .text.__swhatbuf_r
                0x0800e1a4       0x4c C:/ST/STM32CubeIDE_1.16.1/STM32CubeIDE/plugins/com.st.stm32cube.ide.mcu.externaltools.gnu-tools-for-stm32.13.3.rel1.win32_1.0.0.202411081344/tools/bin/../lib/gcc/arm-none-eabi/13.3.1/../../../../arm-none-eabi/lib/thumb/v7e-m+dp/hard\libc_nano.a(libc_a-makebuf.o)
                0x0800e1a4                __swhatbuf_r
 .text.__smakebuf_r
                0x0800e1f0       0x78 C:/ST/STM32CubeIDE_1.16.1/STM32CubeIDE/plugins/com.st.stm32cube.ide.mcu.externaltools.gnu-tools-for-stm32.13.3.rel1.win32_1.0.0.202411081344/tools/bin/../lib/gcc/arm-none-eabi/13.3.1/../../../../arm-none-eabi/lib/thumb/v7e-m+dp/hard\libc_nano.a(libc_a-makebuf.o)
                0x0800e1f0                __smakebuf_r
 .text._fstat_r
                0x0800e268       0x24 C:/ST/STM32CubeIDE_1.16.1/STM32CubeIDE/plugins/com.st.stm32cube.ide.mcu.externaltools.gnu-tools-for-stm32.13.3.rel1.win32_1.0.0.202411081344/tools/bin/../lib/gcc/arm-none-eabi/13.3.1/../../../../arm-none-eabi/lib/thumb/v7e-m+dp/hard\libc_nano.a(libc_a-fstatr.o)
                0x0800e268                _fstat_r
 .text._isatty_r
                0x0800e28c       0x20 C:/ST/STM32CubeIDE_1.16.1/STM32CubeIDE/plugins/com.st.stm32cube.ide.mcu.externaltools.gnu-tools-for-stm32.13.3.rel1.win32_1.0.0.202411081344/tools/bin/../lib/gcc/arm-none-eabi/13.3.1/../../../../arm-none-eabi/lib/thumb/v7e-m+dp/hard\libc_nano.a(libc_a-isattyr.o)
                0x0800e28c                _isatty_r
 .text.abort    0x0800e2ac        0xe C:/ST/STM32CubeIDE_1.16.1/STM32CubeIDE/plugins/com.st.stm32cube.ide.mcu.externaltools.gnu-tools-for-stm32.13.3.rel1.win32_1.0.0.202411081344/tools/bin/../lib/gcc/arm-none-eabi/13.3.1/../../../../arm-none-eabi/lib/thumb/v7e-m+dp/hard\libc_nano.a(libc_a-abort.o)
                0x0800e2ac                abort
 .text._raise_r
                0x0800e2ba       0x50 C:/ST/STM32CubeIDE_1.16.1/STM32CubeIDE/plugins/com.st.stm32cube.ide.mcu.externaltools.gnu-tools-for-stm32.13.3.rel1.win32_1.0.0.202411081344/tools/bin/../lib/gcc/arm-none-eabi/13.3.1/../../../../arm-none-eabi/lib/thumb/v7e-m+dp/hard\libc_nano.a(libc_a-signal.o)
                0x0800e2ba                _raise_r
 *fill*         0x0800e30a        0x2 
 .text.raise    0x0800e30c       0x10 C:/ST/STM32CubeIDE_1.16.1/STM32CubeIDE/plugins/com.st.stm32cube.ide.mcu.externaltools.gnu-tools-for-stm32.13.3.rel1.win32_1.0.0.202411081344/tools/bin/../lib/gcc/arm-none-eabi/13.3.1/../../../../arm-none-eabi/lib/thumb/v7e-m+dp/hard\libc_nano.a(libc_a-signal.o)
                0x0800e30c                raise
 .text._kill_r  0x0800e31c       0x24 C:/ST/STM32CubeIDE_1.16.1/STM32CubeIDE/plugins/com.st.stm32cube.ide.mcu.externaltools.gnu-tools-for-stm32.13.3.rel1.win32_1.0.0.202411081344/tools/bin/../lib/gcc/arm-none-eabi/13.3.1/../../../../arm-none-eabi/lib/thumb/v7e-m+dp/hard\libc_nano.a(libc_a-signalr.o)
                0x0800e31c                _kill_r
 .text._getpid_r
                0x0800e340        0x4 C:/ST/STM32CubeIDE_1.16.1/STM32CubeIDE/plugins/com.st.stm32cube.ide.mcu.externaltools.gnu-tools-for-stm32.13.3.rel1.win32_1.0.0.202411081344/tools/bin/../lib/gcc/arm-none-eabi/13.3.1/../../../../arm-none-eabi/lib/thumb/v7e-m+dp/hard\libc_nano.a(libc_a-signalr.o)
                0x0800e340                _getpid_r
 *(.glue_7)
 .glue_7        0x0800e344        0x0 linker stubs
 *(.glue_7t)
 .glue_7t       0x0800e344        0x0 linker stubs
 *(.eh_frame)
 .eh_frame      0x0800e344        0x0 C:/ST/STM32CubeIDE_1.16.1/STM32CubeIDE/plugins/com.st.stm32cube.ide.mcu.externaltools.gnu-tools-for-stm32.13.3.rel1.win32_1.0.0.202411081344/tools/bin/../lib/gcc/arm-none-eabi/13.3.1/thumb/v7e-m+dp/hard/crtbegin.o
 *(.init)
 .init          0x0800e344        0x4 C:/ST/STM32CubeIDE_1.16.1/STM32CubeIDE/plugins/com.st.stm32cube.ide.mcu.externaltools.gnu-tools-for-stm32.13.3.rel1.win32_1.0.0.202411081344/tools/bin/../lib/gcc/arm-none-eabi/13.3.1/thumb/v7e-m+dp/hard/crti.o
                0x0800e344                _init
 .init          0x0800e348        0x8 C:/ST/STM32CubeIDE_1.16.1/STM32CubeIDE/plugins/com.st.stm32cube.ide.mcu.externaltools.gnu-tools-for-stm32.13.3.rel1.win32_1.0.0.202411081344/tools/bin/../lib/gcc/arm-none-eabi/13.3.1/thumb/v7e-m+dp/hard/crtn.o
 *(.fini)
 .fini          0x0800e350        0x4 C:/ST/STM32CubeIDE_1.16.1/STM32CubeIDE/plugins/com.st.stm32cube.ide.mcu.externaltools.gnu-tools-for-stm32.13.3.rel1.win32_1.0.0.202411081344/tools/bin/../lib/gcc/arm-none-eabi/13.3.1/thumb/v7e-m+dp/hard/crti.o
                0x0800e350                _fini
 .fini          0x0800e354        0x8 C:/ST/STM32CubeIDE_1.16.1/STM32CubeIDE/plugins/com.st.stm32cube.ide.mcu.externaltools.gnu-tools-for-stm32.13.3.rel1.win32_1.0.0.202411081344/tools/bin/../lib/gcc/arm-none-eabi/13.3.1/thumb/v7e-m+dp/hard/crtn.o
                0x0800e35c                        . = ALIGN (0x4)
                0x0800e35c                        _etext = .

.vfp11_veneer   0x0800e35c        0x0
 .vfp11_veneer  0x0800e35c        0x0 linker stubs

.v4_bx          0x0800e35c        0x0
 .v4_bx         0x0800e35c        0x0 linker stubs

.iplt           0x0800e35c        0x0
 .iplt          0x0800e35c        0x0 C:/ST/STM32CubeIDE_1.16.1/STM32CubeIDE/plugins/com.st.stm32cube.ide.mcu.externaltools.gnu-tools-for-stm32.13.3.rel1.win32_1.0.0.202411081344/tools/bin/../lib/gcc/arm-none-eabi/13.3.1/thumb/v7e-m+dp/hard/crtbegin.o

.rodata         0x0800e360      0x4d4
                0x0800e360                        . = ALIGN (0x4)
 *(.rodata)
 .rodata        0x0800e360       0xa4 ./Core/Src/main.o
 *(.rodata*)
 .rodata.D1CorePrescTable
                0x0800e404       0x10 ./Common/Src/system_stm32h7xx_dualcore_boot_cm4_cm7.o
                0x0800e404                D1CorePrescTable
 .rodata.sh2ReportLens
                0x0800e414       0x60 ./Core/Src/sh2.o
 .rodata.setSensorConfigOp
                0x0800e474       0x10 ./Core/Src/sh2.o
                0x0800e474                setSensorConfigOp
 .rodata.sendCmdOp
                0x0800e484       0x10 ./Core/Src/sh2.o
                0x0800e484                sendCmdOp
 .rodata.UARTPrescTable
                0x0800e494       0x18 ./Drivers/STM32H7xx_HAL_Driver/stm32h7xx_hal_uart.o
                0x0800e494                UARTPrescTable
 .rodata.numerator.1
                0x0800e4ac        0x8 ./Drivers/STM32H7xx_HAL_Driver/stm32h7xx_hal_uart_ex.o
 .rodata.denominator.0
                0x0800e4b4        0x8 ./Drivers/STM32H7xx_HAL_Driver/stm32h7xx_hal_uart_ex.o
 .rodata._printf_float.str1.1
                0x0800e4bc      0x171 C:/ST/STM32CubeIDE_1.16.1/STM32CubeIDE/plugins/com.st.stm32cube.ide.mcu.externaltools.gnu-tools-for-stm32.13.3.rel1.win32_1.0.0.202411081344/tools/bin/../lib/gcc/arm-none-eabi/13.3.1/../../../../arm-none-eabi/lib/thumb/v7e-m+dp/hard\libc_nano.a(libc_a-nano-vfprintf_float.o)
                                 0x12 (size before relaxing)
 .rodata._printf_i.str1.1
                0x0800e62d       0x22 C:/ST/STM32CubeIDE_1.16.1/STM32CubeIDE/plugins/com.st.stm32cube.ide.mcu.externaltools.gnu-tools-for-stm32.13.3.rel1.win32_1.0.0.202411081344/tools/bin/../lib/gcc/arm-none-eabi/13.3.1/../../../../arm-none-eabi/lib/thumb/v7e-m+dp/hard\libc_nano.a(libc_a-nano-vfprintf_i.o)
 .rodata._dtoa_r.str1.1
                0x0800e62d       0x8f C:/ST/STM32CubeIDE_1.16.1/STM32CubeIDE/plugins/com.st.stm32cube.ide.mcu.externaltools.gnu-tools-for-stm32.13.3.rel1.win32_1.0.0.202411081344/tools/bin/../lib/gcc/arm-none-eabi/13.3.1/../../../../arm-none-eabi/lib/thumb/v7e-m+dp/hard\libc_nano.a(libc_a-dtoa.o)
 .rodata._Balloc.str1.1
                0x0800e62d       0x70 C:/ST/STM32CubeIDE_1.16.1/STM32CubeIDE/plugins/com.st.stm32cube.ide.mcu.externaltools.gnu-tools-for-stm32.13.3.rel1.win32_1.0.0.202411081344/tools/bin/../lib/gcc/arm-none-eabi/13.3.1/../../../../arm-none-eabi/lib/thumb/v7e-m+dp/hard\libc_nano.a(libc_a-mprec.o)
 .rodata.__multadd.str1.1
                0x0800e62d       0x11 C:/ST/STM32CubeIDE_1.16.1/STM32CubeIDE/plugins/com.st.stm32cube.ide.mcu.externaltools.gnu-tools-for-stm32.13.3.rel1.win32_1.0.0.202411081344/tools/bin/../lib/gcc/arm-none-eabi/13.3.1/../../../../arm-none-eabi/lib/thumb/v7e-m+dp/hard\libc_nano.a(libc_a-mprec.o)
 *fill*         0x0800e62d        0x3 
 .rodata.p05.0  0x0800e630        0xc C:/ST/STM32CubeIDE_1.16.1/STM32CubeIDE/plugins/com.st.stm32cube.ide.mcu.externaltools.gnu-tools-for-stm32.13.3.rel1.win32_1.0.0.202411081344/tools/bin/../lib/gcc/arm-none-eabi/13.3.1/../../../../arm-none-eabi/lib/thumb/v7e-m+dp/hard\libc_nano.a(libc_a-mprec.o)
 *fill*         0x0800e63c        0x4 
 .rodata.__mprec_bigtens
                0x0800e640       0x28 C:/ST/STM32CubeIDE_1.16.1/STM32CubeIDE/plugins/com.st.stm32cube.ide.mcu.externaltools.gnu-tools-for-stm32.13.3.rel1.win32_1.0.0.202411081344/tools/bin/../lib/gcc/arm-none-eabi/13.3.1/../../../../arm-none-eabi/lib/thumb/v7e-m+dp/hard\libc_nano.a(libc_a-mprec.o)
                0x0800e640                __mprec_bigtens
 .rodata.__mprec_tens
                0x0800e668       0xc8 C:/ST/STM32CubeIDE_1.16.1/STM32CubeIDE/plugins/com.st.stm32cube.ide.mcu.externaltools.gnu-tools-for-stm32.13.3.rel1.win32_1.0.0.202411081344/tools/bin/../lib/gcc/arm-none-eabi/13.3.1/../../../../arm-none-eabi/lib/thumb/v7e-m+dp/hard\libc_nano.a(libc_a-mprec.o)
                0x0800e668                __mprec_tens
 .rodata._vfprintf_r.str1.1
                0x0800e730       0x11 C:/ST/STM32CubeIDE_1.16.1/STM32CubeIDE/plugins/com.st.stm32cube.ide.mcu.externaltools.gnu-tools-for-stm32.13.3.rel1.win32_1.0.0.202411081344/tools/bin/../lib/gcc/arm-none-eabi/13.3.1/../../../../arm-none-eabi/lib/thumb/v7e-m+dp/hard\libc_nano.a(libc_a-nano-vfprintf.o)
 .rodata._setlocale_r.str1.1
                0x0800e730        0x9 C:/ST/STM32CubeIDE_1.16.1/STM32CubeIDE/plugins/com.st.stm32cube.ide.mcu.externaltools.gnu-tools-for-stm32.13.3.rel1.win32_1.0.0.202411081344/tools/bin/../lib/gcc/arm-none-eabi/13.3.1/../../../../arm-none-eabi/lib/thumb/v7e-m+dp/hard\libc_nano.a(libc_a-locale.o)
 .rodata.str1.1
                0x0800e730        0x2 C:/ST/STM32CubeIDE_1.16.1/STM32CubeIDE/plugins/com.st.stm32cube.ide.mcu.externaltools.gnu-tools-for-stm32.13.3.rel1.win32_1.0.0.202411081344/tools/bin/../lib/gcc/arm-none-eabi/13.3.1/../../../../arm-none-eabi/lib/thumb/v7e-m+dp/hard\libc_nano.a(libc_a-locale.o)
 .rodata.__assert_func.str1.1
                0x0800e730       0x3d C:/ST/STM32CubeIDE_1.16.1/STM32CubeIDE/plugins/com.st.stm32cube.ide.mcu.externaltools.gnu-tools-for-stm32.13.3.rel1.win32_1.0.0.202411081344/tools/bin/../lib/gcc/arm-none-eabi/13.3.1/../../../../arm-none-eabi/lib/thumb/v7e-m+dp/hard\libc_nano.a(libc_a-assert.o)
 .rodata._ctype_
                0x0800e730      0x101 C:/ST/STM32CubeIDE_1.16.1/STM32CubeIDE/plugins/com.st.stm32cube.ide.mcu.externaltools.gnu-tools-for-stm32.13.3.rel1.win32_1.0.0.202411081344/tools/bin/../lib/gcc/arm-none-eabi/13.3.1/../../../../arm-none-eabi/lib/thumb/v7e-m+dp/hard\libc_nano.a(libc_a-ctype_.o)
                0x0800e730                _ctype_
                0x0800e834                        . = ALIGN (0x4)
 *fill*         0x0800e831        0x3 

.ARM.extab      0x0800e834        0x0
                0x0800e834                        . = ALIGN (0x4)
 *(.ARM.extab* .gnu.linkonce.armextab.*)
                0x0800e834                        . = ALIGN (0x4)

.ARM            0x0800e834        0x8
                0x0800e834                        . = ALIGN (0x4)
                0x0800e834                        __exidx_start = .
 *(.ARM.exidx*)
 .ARM.exidx     0x0800e834        0x8 C:/ST/STM32CubeIDE_1.16.1/STM32CubeIDE/plugins/com.st.stm32cube.ide.mcu.externaltools.gnu-tools-for-stm32.13.3.rel1.win32_1.0.0.202411081344/tools/bin/../lib/gcc/arm-none-eabi/13.3.1/../../../../arm-none-eabi/lib/thumb/v7e-m+dp/hard\libc_nano.a(libc_a-memchr.o)
 .ARM.exidx     0x0800e83c        0x0 C:/ST/STM32CubeIDE_1.16.1/STM32CubeIDE/plugins/com.st.stm32cube.ide.mcu.externaltools.gnu-tools-for-stm32.13.3.rel1.win32_1.0.0.202411081344/tools/bin/../lib/gcc/arm-none-eabi/13.3.1/../../../../arm-none-eabi/lib/thumb/v7e-m+dp/hard\libc_nano.a(libc_a-strlen.o)
                                  0x8 (size before relaxing)
 .ARM.exidx     0x0800e83c        0x0 C:/ST/STM32CubeIDE_1.16.1/STM32CubeIDE/plugins/com.st.stm32cube.ide.mcu.externaltools.gnu-tools-for-stm32.13.3.rel1.win32_1.0.0.202411081344/tools/bin/../lib/gcc/arm-none-eabi/13.3.1/thumb/v7e-m+dp/hard\libgcc.a(_udivmoddi4.o)
                                  0x8 (size before relaxing)
                0x0800e83c                        __exidx_end = .
                0x0800e83c                        . = ALIGN (0x4)

.preinit_array  0x0800e83c        0x0
                0x0800e83c                        . = ALIGN (0x4)
                0x0800e83c                        PROVIDE (__preinit_array_start = .)
 *(.preinit_array*)
                0x0800e83c                        PROVIDE (__preinit_array_end = .)
                0x0800e83c                        . = ALIGN (0x4)

.init_array     0x0800e83c        0x4
                0x0800e83c                        . = ALIGN (0x4)
                0x0800e83c                        PROVIDE (__init_array_start = .)
 *(SORT_BY_NAME(.init_array.*))
 *(.init_array*)
 .init_array    0x0800e83c        0x4 C:/ST/STM32CubeIDE_1.16.1/STM32CubeIDE/plugins/com.st.stm32cube.ide.mcu.externaltools.gnu-tools-for-stm32.13.3.rel1.win32_1.0.0.202411081344/tools/bin/../lib/gcc/arm-none-eabi/13.3.1/thumb/v7e-m+dp/hard/crtbegin.o
                0x0800e840                        PROVIDE (__init_array_end = .)
                0x0800e840                        . = ALIGN (0x4)

.fini_array     0x0800e840        0x4
                0x0800e840                        . = ALIGN (0x4)
                [!provide]                        PROVIDE (__fini_array_start = .)
 *(SORT_BY_NAME(.fini_array.*))
 *(.fini_array*)
 .fini_array    0x0800e840        0x4 C:/ST/STM32CubeIDE_1.16.1/STM32CubeIDE/plugins/com.st.stm32cube.ide.mcu.externaltools.gnu-tools-for-stm32.13.3.rel1.win32_1.0.0.202411081344/tools/bin/../lib/gcc/arm-none-eabi/13.3.1/thumb/v7e-m+dp/hard/crtbegin.o
                [!provide]                        PROVIDE (__fini_array_end = .)
                0x0800e844                        . = ALIGN (0x4)
                0x0800e844                        _sidata = LOADADDR (.data)

.rel.dyn        0x0800e844        0x0
 .rel.iplt      0x0800e844        0x0 C:/ST/STM32CubeIDE_1.16.1/STM32CubeIDE/plugins/com.st.stm32cube.ide.mcu.externaltools.gnu-tools-for-stm32.13.3.rel1.win32_1.0.0.202411081344/tools/bin/../lib/gcc/arm-none-eabi/13.3.1/thumb/v7e-m+dp/hard/crtbegin.o

.data           0x24000000      0x1d8 load address 0x0800e844
                0x24000000                        . = ALIGN (0x4)
                0x24000000                        _sdata = .
 *(.data)
 *(.data*)
 .data.SystemCoreClock
                0x24000000        0x4 ./Common/Src/system_stm32h7xx_dualcore_boot_cm4_cm7.o
                0x24000000                SystemCoreClock
 .data.SystemD2Clock
                0x24000004        0x4 ./Common/Src/system_stm32h7xx_dualcore_boot_cm4_cm7.o
                0x24000004                SystemD2Clock
 .data.uwTickPrio
                0x24000008        0x4 ./Drivers/STM32H7xx_HAL_Driver/stm32h7xx_hal.o
                0x24000008                uwTickPrio
 .data.uwTickFreq
                0x2400000c        0x1 ./Drivers/STM32H7xx_HAL_Driver/stm32h7xx_hal.o
                0x2400000c                uwTickFreq
 *fill*         0x2400000d        0x3 
 .data.__sglue  0x24000010        0xc C:/ST/STM32CubeIDE_1.16.1/STM32CubeIDE/plugins/com.st.stm32cube.ide.mcu.externaltools.gnu-tools-for-stm32.13.3.rel1.win32_1.0.0.202411081344/tools/bin/../lib/gcc/arm-none-eabi/13.3.1/../../../../arm-none-eabi/lib/thumb/v7e-m+dp/hard\libc_nano.a(libc_a-findfp.o)
                0x24000010                __sglue
 .data._impure_ptr
                0x2400001c        0x4 C:/ST/STM32CubeIDE_1.16.1/STM32CubeIDE/plugins/com.st.stm32cube.ide.mcu.externaltools.gnu-tools-for-stm32.13.3.rel1.win32_1.0.0.202411081344/tools/bin/../lib/gcc/arm-none-eabi/13.3.1/../../../../arm-none-eabi/lib/thumb/v7e-m+dp/hard\libc_nano.a(libc_a-impure.o)
                0x2400001c                _impure_ptr
 .data._impure_data
                0x24000020       0x4c C:/ST/STM32CubeIDE_1.16.1/STM32CubeIDE/plugins/com.st.stm32cube.ide.mcu.externaltools.gnu-tools-for-stm32.13.3.rel1.win32_1.0.0.202411081344/tools/bin/../lib/gcc/arm-none-eabi/13.3.1/../../../../arm-none-eabi/lib/thumb/v7e-m+dp/hard\libc_nano.a(libc_a-impure.o)
                0x24000020                _impure_data
 .data.__global_locale
                0x2400006c      0x16c C:/ST/STM32CubeIDE_1.16.1/STM32CubeIDE/plugins/com.st.stm32cube.ide.mcu.externaltools.gnu-tools-for-stm32.13.3.rel1.win32_1.0.0.202411081344/tools/bin/../lib/gcc/arm-none-eabi/13.3.1/../../../../arm-none-eabi/lib/thumb/v7e-m+dp/hard\libc_nano.a(libc_a-locale.o)
                0x2400006c                __global_locale
 *(.RamFunc)
 *(.RamFunc*)
                0x240001d8                        . = ALIGN (0x4)
                0x240001d8                        _edata = .

.igot.plt       0x240001d8        0x0 load address 0x0800ea1c
 .igot.plt      0x240001d8        0x0 C:/ST/STM32CubeIDE_1.16.1/STM32CubeIDE/plugins/com.st.stm32cube.ide.mcu.externaltools.gnu-tools-for-stm32.13.3.rel1.win32_1.0.0.202411081344/tools/bin/../lib/gcc/arm-none-eabi/13.3.1/thumb/v7e-m+dp/hard/crtbegin.o
                0x240001d8                        . = ALIGN (0x4)

.bss            0x240001d8      0xe6c load address 0x0800ea1c
                0x240001d8                        _sbss = .
                0x240001d8                        __bss_start__ = _sbss
 *(.bss)
 .bss           0x240001d8       0x1c C:/ST/STM32CubeIDE_1.16.1/STM32CubeIDE/plugins/com.st.stm32cube.ide.mcu.externaltools.gnu-tools-for-stm32.13.3.rel1.win32_1.0.0.202411081344/tools/bin/../lib/gcc/arm-none-eabi/13.3.1/thumb/v7e-m+dp/hard/crtbegin.o
 *(.bss*)
 .bss.hadc1     0x240001f4       0x64 ./Core/Src/main.o
                0x240001f4                hadc1
 .bss.hi2c4     0x24000258       0x54 ./Core/Src/main.o
                0x24000258                hi2c4
 .bss.huart2    0x240002ac       0x94 ./Core/Src/main.o
                0x240002ac                huart2
 .bss.huart3    0x24000340       0x94 ./Core/Src/main.o
                0x24000340                huart3
 .bss.temp_s1   0x240003d4        0x4 ./Core/Src/main.o
                0x240003d4                temp_s1
 .bss.temp_b    0x240003d8        0x2 ./Core/Src/main.o
                0x240003d8                temp_b
 .bss.tare_request
                0x240003da        0x1 ./Core/Src/main.o
                0x240003da                tare_request
 *fill*         0x240003db        0x1 
 .bss._sh2      0x240003dc      0x178 ./Core/Src/sh2.o
                0x240003dc                _sh2
 .bss.sh2AsyncEvent
                0x24000554       0x1c ./Core/Src/sh2.o
 .bss.lastHostInt.1
                0x24000570        0x4 ./Core/Src/sh2.o
 .bss.rollovers.0
                0x24000574        0x4 ./Core/Src/sh2.o
 .bss.hal       0x24000578       0x14 ./Core/Src/sh2_hal.o
 .bss.imuC      0x2400058c       0x18 ./Core/Src/sh2_hal.o
 .bss.imuData   0x240005a4       0x34 ./Core/Src/sh2_hal.o
                0x240005a4                imuData
 .bss.instances
                0x240005d8      0x914 ./Core/Src/shtp.o
 .bss.shtp_initialized
                0x24000eec        0x1 ./Core/Src/shtp.o
 *fill*         0x24000eed        0x3 
 .bss.__sbrk_heap_end
                0x24000ef0        0x4 ./Core/Src/sysmem.o
 .bss.uwTick    0x24000ef4        0x4 ./Drivers/STM32H7xx_HAL_Driver/stm32h7xx_hal.o
                0x24000ef4                uwTick
 .bss.__sf      0x24000ef8      0x138 C:/ST/STM32CubeIDE_1.16.1/STM32CubeIDE/plugins/com.st.stm32cube.ide.mcu.externaltools.gnu-tools-for-stm32.13.3.rel1.win32_1.0.0.202411081344/tools/bin/../lib/gcc/arm-none-eabi/13.3.1/../../../../arm-none-eabi/lib/thumb/v7e-m+dp/hard\libc_nano.a(libc_a-findfp.o)
                0x24000ef8                __sf
 .bss.__stdio_exit_handler
                0x24001030        0x4 C:/ST/STM32CubeIDE_1.16.1/STM32CubeIDE/plugins/com.st.stm32cube.ide.mcu.externaltools.gnu-tools-for-stm32.13.3.rel1.win32_1.0.0.202411081344/tools/bin/../lib/gcc/arm-none-eabi/13.3.1/../../../../arm-none-eabi/lib/thumb/v7e-m+dp/hard\libc_nano.a(libc_a-findfp.o)
                0x24001030                __stdio_exit_handler
 .bss.errno     0x24001034        0x4 C:/ST/STM32CubeIDE_1.16.1/STM32CubeIDE/plugins/com.st.stm32cube.ide.mcu.externaltools.gnu-tools-for-stm32.13.3.rel1.win32_1.0.0.202411081344/tools/bin/../lib/gcc/arm-none-eabi/13.3.1/../../../../arm-none-eabi/lib/thumb/v7e-m+dp/hard\libc_nano.a(libc_a-reent.o)
                0x24001034                errno
 .bss.__lock___malloc_recursive_mutex
                0x24001038        0x1 C:/ST/STM32CubeIDE_1.16.1/STM32CubeIDE/plugins/com.st.stm32cube.ide.mcu.externaltools.gnu-tools-for-stm32.13.3.rel1.win32_1.0.0.202411081344/tools/bin/../lib/gcc/arm-none-eabi/13.3.1/../../../../arm-none-eabi/lib/thumb/v7e-m+dp/hard\libc_nano.a(libc_a-lock.o)
                0x24001038                __lock___malloc_recursive_mutex
 .bss.__lock___sfp_recursive_mutex
                0x24001039        0x1 C:/ST/STM32CubeIDE_1.16.1/STM32CubeIDE/plugins/com.st.stm32cube.ide.mcu.externaltools.gnu-tools-for-stm32.13.3.rel1.win32_1.0.0.202411081344/tools/bin/../lib/gcc/arm-none-eabi/13.3.1/../../../../arm-none-eabi/lib/thumb/v7e-m+dp/hard\libc_nano.a(libc_a-lock.o)
                0x24001039                __lock___sfp_recursive_mutex
 *fill*         0x2400103a        0x2 
 .bss.__malloc_sbrk_start
                0x2400103c        0x4 C:/ST/STM32CubeIDE_1.16.1/STM32CubeIDE/plugins/com.st.stm32cube.ide.mcu.externaltools.gnu-tools-for-stm32.13.3.rel1.win32_1.0.0.202411081344/tools/bin/../lib/gcc/arm-none-eabi/13.3.1/../../../../arm-none-eabi/lib/thumb/v7e-m+dp/hard\libc_nano.a(libc_a-mallocr.o)
                0x2400103c                __malloc_sbrk_start
 .bss.__malloc_free_list
                0x24001040        0x4 C:/ST/STM32CubeIDE_1.16.1/STM32CubeIDE/plugins/com.st.stm32cube.ide.mcu.externaltools.gnu-tools-for-stm32.13.3.rel1.win32_1.0.0.202411081344/tools/bin/../lib/gcc/arm-none-eabi/13.3.1/../../../../arm-none-eabi/lib/thumb/v7e-m+dp/hard\libc_nano.a(libc_a-mallocr.o)
                0x24001040                __malloc_free_list
 *(COMMON)
                0x24001044                        . = ALIGN (0x4)
                0x24001044                        _ebss = .
                0x24001044                        __bss_end__ = _ebss

._user_heap_stack
                0x24001044      0x604 load address 0x0800ea1c
                0x24001048                        . = ALIGN (0x8)
 *fill*         0x24001044        0x4 
                [!provide]                        PROVIDE (end = .)
                0x24001048                        PROVIDE (_end = .)
                0x24001248                        . = (. + _Min_Heap_Size)
 *fill*         0x24001048      0x200 
                0x24001648                        . = (. + _Min_Stack_Size)
 *fill*         0x24001248      0x400 
                0x24001648                        . = ALIGN (0x8)

/DISCARD/
 libc.a(*)
 libm.a(*)
 libgcc.a(*)

.ARM.attributes
                0x00000000       0x2e
 *(.ARM.attributes)
 .ARM.attributes
                0x00000000       0x20 C:/ST/STM32CubeIDE_1.16.1/STM32CubeIDE/plugins/com.st.stm32cube.ide.mcu.externaltools.gnu-tools-for-stm32.13.3.rel1.win32_1.0.0.202411081344/tools/bin/../lib/gcc/arm-none-eabi/13.3.1/thumb/v7e-m+dp/hard/crti.o
 .ARM.attributes
                0x00000020       0x32 C:/ST/STM32CubeIDE_1.16.1/STM32CubeIDE/plugins/com.st.stm32cube.ide.mcu.externaltools.gnu-tools-for-stm32.13.3.rel1.win32_1.0.0.202411081344/tools/bin/../lib/gcc/arm-none-eabi/13.3.1/thumb/v7e-m+dp/hard/crtbegin.o
 .ARM.attributes
                0x00000052       0x32 ./Common/Src/system_stm32h7xx_dualcore_boot_cm4_cm7.o
 .ARM.attributes
                0x00000084       0x32 ./Core/Src/main.o
 .ARM.attributes
                0x000000b6       0x32 ./Core/Src/sh2.o
 .ARM.attributes
                0x000000e8       0x32 ./Core/Src/sh2_SensorValue.o
 .ARM.attributes
                0x0000011a       0x32 ./Core/Src/sh2_hal.o
 .ARM.attributes
                0x0000014c       0x32 ./Core/Src/sh2_util.o
 .ARM.attributes
                0x0000017e       0x32 ./Core/Src/shtp.o
 .ARM.attributes