../Core/Src/main.c:79:6:ReadTemp	16	static
../Core/Src/main.c:98:5:main	232	static
../Core/Src/main.c:211:6:SystemClock_Config	120	static
../Core/Src/main.c:267:13:MX_ADC1_Init	48	static
../Core/Src/main.c:336:13:MX_I2C4_Init	8	static
../Core/Src/main.c:384:13:MX_USART2_UART_Init	8	static
../Core/Src/main.c:432:13:MX_USART3_UART_Init	8	static
../Core/Src/main.c:480:13:MX_GPIO_Init	48	static
../Core/Src/main.c:526:5:__io_putchar	16	static
../Core/Src/main.c:531:6:HAL_GPIO_EXTI_Callback	16	static,ignoring_inline_asm
../Core/Src/main.c:546:6:Error_Handler	4	static,ignoring_inline_asm
